Component: ARM Compiler 5.06 update 7 (build 960) Tool: armlink [4d3601]

==============================================================================

Section Cross References

    startup_lpc17xx.o(STACK) refers (Special) to heapauxi.o(.text) for __use_two_region_memory
    startup_lpc17xx.o(HEAP) refers (Special) to heapauxi.o(.text) for __use_two_region_memory
    startup_lpc17xx.o(RESET) refers (Special) to heapauxi.o(.text) for __use_two_region_memory
    startup_lpc17xx.o(RESET) refers to startup_lpc17xx.o(STACK) for __initial_sp
    startup_lpc17xx.o(RESET) refers to startup_lpc17xx.o(.text) for Reset_Handler
    startup_lpc17xx.o(RESET) refers to irq_timer.o(.text) for TIMER0_IRQHandler
    startup_lpc17xx.o(RESET) refers to irq_button.o(.text) for EINT0_IRQHandler
    startup_lpc17xx.o(RESET) refers to irq_can.o(.text) for CAN_IRQHandler
    startup_lpc17xx.o(RESET) refers to irq_rit.o(.text) for RIT_IRQHandler
    startup_lpc17xx.o(.ARM.__at_0x02FC) refers (Special) to heapauxi.o(.text) for __use_two_region_memory
    startup_lpc17xx.o(.text) refers (Special) to heapauxi.o(.text) for __use_two_region_memory
    startup_lpc17xx.o(.text) refers to __main.o(!!!main) for __main
    startup_lpc17xx.o(.text) refers to startup_lpc17xx.o(HEAP) for Heap_Mem
    startup_lpc17xx.o(.text) refers to startup_lpc17xx.o(STACK) for Stack_Mem
    sample.o(.text) refers to system_lpc17xx.o(.text) for SystemInit
    sample.o(.text) refers to lib_can.o(.text) for CAN_Init
    sample.o(.text) refers to glcd.o(.text) for LCD_Initialization
    sample.o(.text) refers to lib_button.o(.text) for BUTTON_init
    sample.o(.text) refers to lib_joystick.o(.text) for joystick_init
    sample.o(.text) refers to lib_rit.o(.text) for init_RIT
    sample.o(.text) refers to gioco.o(.text) for preparagioco
    system_lpc17xx.o(.text) refers to system_lpc17xx.o(.data) for SystemFrequency
    irq_timer.o(.text) refers to _printf_percent.o(.ARM.Collect$$_printf_percent$$00000000) for _printf_percent
    irq_timer.o(.text) refers to _printf_d.o(.ARM.Collect$$_printf_percent$$00000009) for _printf_d
    irq_timer.o(.text) refers to _printf_dec.o(.text) for _printf_int_dec
    irq_timer.o(.text) refers to noretval__2sprintf.o(.text) for __2sprintf
    irq_timer.o(.text) refers to glcd.o(.text) for GUI_Text
    irq_timer.o(.text) refers to gioco.o(.text) for identificacaselle2
    irq_timer.o(.text) refers to irq_timer.o(.data) for tempo
    irq_timer.o(.text) refers to gioco.o(.data) for giocatoreincorso
    asciilib.o(.text) refers to rt_memcpy_v6.o(.text) for __aeabi_memcpy
    asciilib.o(.text) refers to asciilib.o(.constdata) for AsciiLib
    glcd.o(.text) refers to glcd.o(.data) for LCD_Code
    glcd.o(.text) refers to asciilib.o(.text) for GetASCIICode
    hzlib.o(.text) refers to rt_memcpy_v6.o(.text) for __aeabi_memcpy
    hzlib.o(.text) refers to hzlib.o(.constdata) for HzLib
    touchpanel.o(.text) refers to glcd.o(.text) for LCD_SetPoint
    touchpanel.o(.text) refers to rt_memclr_w.o(.text) for __aeabi_memclr4
    touchpanel.o(.text) refers to dflt_clz.o(x$fpl$dflt) for __aeabi_i2d
    touchpanel.o(.text) refers to deqf.o(x$fpl$deqf) for __aeabi_cdcmpeq
    touchpanel.o(.text) refers to dflt_clz.o(x$fpl$dfltu) for __aeabi_ui2d
    touchpanel.o(.text) refers to dmul.o(x$fpl$dmul) for __aeabi_dmul
    touchpanel.o(.text) refers to daddsub_clz.o(x$fpl$dadd) for __aeabi_dadd
    touchpanel.o(.text) refers to ddiv.o(x$fpl$ddiv) for __aeabi_ddiv
    touchpanel.o(.text) refers to dfixu.o(x$fpl$dfixu) for __aeabi_d2uiz
    touchpanel.o(.text) refers to touchpanel.o(.data) for screen
    touchpanel.o(.text) refers to touchpanel.o(.bss) for ScreenSample
    irq_rit.o(.text) refers to gioco.o(.text) for coloracasella
    irq_rit.o(.text) refers to muri.o(.text) for spostamuro
    irq_rit.o(.text) refers to glcd.o(.text) for GUI_Text
    irq_rit.o(.text) refers to gioco.o(.data) for giocatoreincorso
    irq_rit.o(.text) refers to irq_rit.o(.data) for J_up
    irq_rit.o(.text) refers to muri.o(.data) for muroattuale
    irq_rit.o(.text) refers to irq_button.o(.data) for down3
    irq_rit.o(.text) refers to board.o(.data) for miogiocatore
    irq_button.o(.text) refers to rand.o(.text) for srand
    irq_button.o(.text) refers to lib_rit.o(.text) for disable_RIT
    irq_button.o(.text) refers to gioco.o(.text) for menuiniziale
    irq_button.o(.text) refers to board.o(.text) for controllascheda
    irq_button.o(.text) refers to irq_button.o(.data) for down3
    irq_button.o(.text) refers to irq_rit.o(.data) for down
    gioco.o(.text) refers to _printf_percent.o(.ARM.Collect$$_printf_percent$$00000000) for _printf_percent
    gioco.o(.text) refers to _printf_d.o(.ARM.Collect$$_printf_percent$$00000009) for _printf_d
    gioco.o(.text) refers to _printf_dec.o(.text) for _printf_int_dec
    gioco.o(.text) refers to glcd.o(.text) for LCD_DrawLine
    gioco.o(.text) refers to gioco.o(.bss) for m
[...]
    gioco.o(.text) refers to rand.o(.emb_text) for rand
    gioco.o(.text) refers to muri.o(.text) for mettimuronpc
    gioco.o(.text) refers to irq_rit.o(.text) for azzeravariabili
    gioco.o(.text) refers to irq_rit.o(.data) for posmuro
    muri.o(.text) refers to _printf_percent.o(.ARM.Collect$$_printf_percent$$00000000) for _printf_percent
    muri.o(.text) refers to _printf_d.o(.ARM.Collect$$_printf_percent$$00000009) for _printf_d
    muri.o(.text) refers to _printf_dec.o(.text) for _printf_int_dec
    muri.o(.text) refers to gioco.o(.text) for muroIntrappolaGiocatori
    muri.o(.text) refers to noretval__2sprintf.o(.text) for __2sprintf
    muri.o(.text) refers to glcd.o(.text) for GUI_Text
    muri.o(.text) refers to gioco.o(.bss) for m
    muri.o(.text) refers to gioco.o(.data) for giocatore
    muri.o(.text) refers to muri.o(.bss) for strm
    muri.o(.text) refers to muri.o(.data) for muroattuale
    muri.o(.text) refers to rand.o(.emb_text) for rand
    irq_can.o(.text) refers to lib_can.o(.text) for CAN_rdMsg
    irq_can.o(.text) refers to gioco.o(.text) for iniziagioco3
    irq_can.o(.text) refers to lib_can.o(.data) for icr
    irq_can.o(.text) refers to lib_can.o(.bss) for CAN_RxMsg
    irq_can.o(.text) refers to board.o(.data) for miogiocatore
    irq_can.o(.text) refers to irq_rit.o(.data) for prontopergiocare
    lib_can.o(.text) refers to lib_can.o(.data) for result
    lib_can.o(.text) refers to lib_can.o(.constdata) for CAN_BIT_TIME
    board.o(.text) refers to lib_can.o(.text) for CAN_wrMsg
    board.o(.text) refers to gioco.o(.text) for iniziagioco2
    board.o(.text) refers to lib_can.o(.bss) for CAN_TxMsg
    board.o(.text) refers to gioco.o(.data) for mossac
    __2sprintf.o(.text) refers to _printf_char_common.o(.text) for _printf_char_common
    __2sprintf.o(.text) refers to _sputc.o(.text) for _sputc
    noretval__2sprintf.o(.text) refers to _printf_char_common.o(.text) for _printf_char_common
    noretval__2sprintf.o(.text) refers to _sputc.o(.text) for _sputc
    __printf.o(.text) refers to _printf_percent.o(.ARM.Collect$$_printf_percent$$00000000) for _printf_percent
    _printf_dec.o(.text) refers to _printf_intcommon.o(.text) for _printf_int_common
    __printf_flags.o(.text) refers to _printf_percent.o(.ARM.Collect$$_printf_percent$$00000000) for _printf_percent
    __printf_flags.o(.text) refers to __printf_flags.o(.constdata) for .constdata
    __printf_ss.o(.text) refers to _printf_percent.o(.ARM.Collect$$_printf_percent$$00000000) for _printf_percent
    __printf_flags_ss.o(.text) refers to _printf_percent.o(.ARM.Collect$$_printf_percent$$00000000) for _printf_percent
    __printf_flags_ss.o(.text) refers to __printf_flags_ss.o(.constdata) for .constdata
    __printf_wp.o(.text) refers to __printf_wp.o(i._is_digit) for _is_digit
    __printf_wp.o(.text) refers to _printf_percent.o(.ARM.Collect$$_printf_percent$$00000000) for _printf_percent
    __printf_flags_wp.o(.text) refers to __printf_wp.o(i._is_digit) for _is_digit
    __printf_flags_wp.o(.text) refers to _printf_percent.o(.ARM.Collect$$_printf_percent$$00000000) for _printf_percent
    __printf_flags_wp.o(.text) refers to __printf_flags_wp.o(.constdata) for .constdata
    __printf_ss_wp.o(.text) refers to __printf_wp.o(i._is_digit) for _is_digit
    __printf_ss_wp.o(.text) refers to _printf_percent.o(.ARM.Collect$$_printf_percent$$00000000) for _printf_percent
    __printf_flags_ss_wp.o(.text) refers to __printf_wp.o(i._is_digit) for _is_digit
    __printf_flags_ss_wp.o(.text) refers to _printf_percent.o(.ARM.Collect$$_printf_percent$$00000000) for _printf_percent
    __printf_flags_ss_wp.o(.text) refers to __printf_flags_ss_wp.o(.constdata) for .constdata
    _printf_d.o(.ARM.Collect$$_printf_percent$$00000009) refers (Weak) to _printf_dec.o(.text) for _printf_int_dec
    _printf_percent.o(.ARM.Collect$$_printf_percent$$00000000) refers (Special) to _printf_percent_end.o(.ARM.Collect$$_printf_percent$$00000017) for _printf_percent_end
    rand.o(.emb_text) refers (Special) to libinit2.o(.ARM.Collect$$libinit$$0000000D) for __rt_lib_init_rand_2
    rand.o(.emb_text) refers to rand.o(.text) for _rand_init
    rand.o(.emb_text) refers to rand.o(.bss) for _random_number_data
    rand.o(.text) refers (Special) to libinit2.o(.ARM.Collect$$libinit$$0000000D) for __rt_lib_init_rand_2
    rand.o(.text) refers to rand.o(.bss) for .bss
    rand.o(.bss) refers (Special) to libinit2.o(.ARM.Collect$$libinit$$0000000D) for __rt_lib_init_rand_2
    rt_memcpy_v6.o(.text) refers to rt_memcpy_w.o(.text) for __aeabi_memcpy4
    __main.o(!!!main) refers to __rtentry.o(.ARM.Collect$$rtentry$$00000000) for __rt_entry
    daddsub_clz.o(x$fpl$dadd) refers (Special) to usenofp.o(x$fpl$usenofp) for __I$use$fp
    daddsub_clz.o(x$fpl$dadd) refers to daddsub_clz.o(x$fpl$dsub) for _dsub1
    daddsub_clz.o(x$fpl$dadd) refers to dretinf.o(x$fpl$dretinf) for __fpl_dretinf
    daddsub_clz.o(x$fpl$dadd) refers to dnaninf.o(x$fpl$dnaninf) for __fpl_dnaninf
    daddsub_clz.o(x$fpl$drsb) refers (Special) to usenofp.o(x$fpl$usenofp) for __I$use$fp
    daddsub_clz.o(x$fpl$drsb) refers to daddsub_clz.o(x$fpl$dadd) for _dadd1
    daddsub_clz.o(x$fpl$drsb) refers to daddsub_clz.o(x$fpl$dsub) for _dsub1
    daddsub_clz.o(x$fpl$dsub) refers (Special) to usenofp.o(x$fpl$usenofp) for __I$use$fp
    daddsub_clz.o(x$fpl$dsub) refers to daddsub_clz.o(x$fpl$dadd) for _dadd1
    daddsub_clz.o(x$fpl$dsub) refers to dnaninf.o(x$fpl$dnaninf) for __fpl_dnaninf
    ddiv.o(x$fpl$drdiv) refers (Special) to usenofp.o(x$fpl$usenofp) for __I$use$fp
    ddiv.o(x$fpl$drdiv) refers to ddiv.o(x$fpl$ddiv) for ddiv_entry
    ddiv.o(x$fpl$ddiv) refers (Special) to usenofp.o(x$fpl$usenofp) for __I$use$fp
    ddiv.o(x$fpl$ddiv) refers to dretinf.o(x$fpl$dretinf) for __fpl_dretinf
    ddiv.o(x$fpl$ddiv) refers to dnaninf.o(x$fpl$dnaninf) for __fpl_dnaninf
    deqf.o(x$fpl$deqf) refers (Special) to usenofp.o(x$fpl$usenofp) for __I$use$fp
    deqf.o(x$fpl$deqf) refers to dnaninf.o(x$fpl$dnaninf) for __fpl_dnaninf
    deqf.o(x$fpl$deqf) refers to dcmpi.o(x$fpl$dcmpinf) for __fpl_dcmp_Inf
    dfixu.o(x$fpl$dfixu) refers (Special) to usenofp.o(x$fpl$usenofp) for __I$use$fp
    dfixu.o(x$fpl$dfixu) refers to dnaninf.o(x$fpl$dnaninf) for __fpl_dnaninf
    dfixu.o(x$fpl$dfixur) refers (Special) to usenofp.o(x$fpl$usenofp) for __I$use$fp
    dfixu.o(x$fpl$dfixur) refers to dnaninf.o(x$fpl$dnaninf) for __fpl_dnaninf
    dflt_clz.o(x$fpl$dfltu) refers (Special) to usenofp.o(x$fpl$usenofp) for __I$use$fp
    dflt_clz.o(x$fpl$dflt) refers (Special) to usenofp.o(x$fpl$usenofp) for __I$use$fp
    dflt_clz.o(x$fpl$dfltn) refers (Special) to usenofp.o(x$fpl$usenofp) for __I$use$fp
    dmul.o(x$fpl$dmul) refers (Special) to usenofp.o(x$fpl$usenofp) for __I$use$fp
    dmul.o(x$fpl$dmul) refers to dretinf.o(x$fpl$dretinf) for __fpl_dretinf
    dmul.o(x$fpl$dmul) refers to dnaninf.o(x$fpl$dnaninf) for __fpl_dnaninf
    __rtentry.o(.ARM.Collect$$rtentry$$00000000) refers (Special) to __rtentry2.o(.ARM.Collect$$rtentry$$0000000A) for __rt_entry_li
    __rtentry.o(.ARM.Collect$$rtentry$$00000000) refers (Special) to __rtentry2.o(.ARM.Collect$$rtentry$$0000000D) for __rt_entry_main
    __rtentry.o(.ARM.Collect$$rtentry$$00000000) refers (Special) to __rtentry2.o(.ARM.Collect$$rtentry$$0000000C) for __rt_entry_postli_1
    __rtentry.o(.ARM.Collect$$rtentry$$00000000) refers (Special) to __rtentry2.o(.ARM.Collect$$rtentry$$00000009) for __rt_entry_postsh_1
    __rtentry.o(.ARM.Collect$$rtentry$$00000000) refers (Special) to __rtentry2.o(.ARM.Collect$$rtentry$$00000002) for __rt_entry_presh_1
    __rtentry.o(.ARM.Collect$$rtentry$$00000000) refers (Special) to __rtentry4.o(.ARM.Collect$$rtentry$$00000004) for __rt_entry_sh
    _printf_char_common.o(.text) refers to __printf.o(.text) for __printf
    libinit2.o(.ARM.Collect$$libinit$$0000000D) refers (Weak) to rand.o(.text) for _rand_init
    libinit2.o(.ARM.Collect$$libinit$$00000010) refers to libinit2.o(.ARM.Collect$$libinit$$0000000F) for .ARM.Collect$$libinit$$0000000F
    libinit2.o(.ARM.Collect$$libinit$$00000012) refers to libinit2.o(.ARM.Collect$$libinit$$0000000F) for .ARM.Collect$$libinit$$0000000F
    libinit2.o(.ARM.Collect$$libinit$$00000014) refers to libinit2.o(.ARM.Collect$$libinit$$0000000F) for .ARM.Collect$$libinit$$0000000F
    libinit2.o(.ARM.Collect$$libinit$$00000016) refers to libinit2.o(.ARM.Collect$$libinit$$0000000F) for .ARM.Collect$$libinit$$0000000F
    libinit2.o(.ARM.Collect$$libinit$$00000018) refers to libinit2.o(.ARM.Collect$$libinit$$0000000F) for .ARM.Collect$$libinit$$0000000F
    libinit2.o(.ARM.Collect$$libinit$$00000026) refers to argv_veneer.o(.emb_text) for __ARM_argv_veneer
    libinit2.o(.ARM.Collect$$libinit$$00000027) refers to argv_veneer.o(.emb_text) for __ARM_argv_veneer
    dcmpi.o(x$fpl$dcmpinf) refers (Special) to usenofp.o(x$fpl$usenofp) for __I$use$fp
    dnaninf.o(x$fpl$dnaninf) refers (Special) to usenofp.o(x$fpl$usenofp) for __I$use$fp
    dretinf.o(x$fpl$dretinf) refers (Special) to usenofp.o(x$fpl$usenofp) for __I$use$fp
    __rtentry2.o(.ARM.Collect$$rtentry$$00000008) refers to boardinit2.o(.text) for _platform_post_stackheap_init
    __rtentry2.o(.ARM.Collect$$rtentry$$0000000A) refers to libinit.o(.ARM.Collect$$libinit$$00000000) for __rt_lib_init
    __rtentry2.o(.ARM.Collect$$rtentry$$0000000B) refers to boardinit3.o(.text) for _platform_post_lib_init
    __rtentry2.o(.ARM.Collect$$rtentry$$0000000D) refers to sample.o(.text) for main
    __rtentry2.o(.ARM.Collect$$rtentry$$0000000D) refers to exit.o(.text) for exit
    __rtentry2.o(.ARM.exidx) refers to __rtentry2.o(.ARM.Collect$$rtentry$$00000001) for .ARM.Collect$$rtentry$$00000001
    __rtentry2.o(.ARM.exidx) refers to __rtentry2.o(.ARM.Collect$$rtentry$$00000008) for .ARM.Collect$$rtentry$$00000008
    __rtentry2.o(.ARM.exidx) refers to __rtentry2.o(.ARM.Collect$$rtentry$$0000000A) for .ARM.Collect$$rtentry$$0000000A
    __rtentry2.o(.ARM.exidx) refers to __rtentry2.o(.ARM.Collect$$rtentry$$0000000B) for .ARM.Collect$$rtentry$$0000000B
    __rtentry2.o(.ARM.exidx) refers to __rtentry2.o(.ARM.Collect$$rtentry$$0000000D) for .ARM.Collect$$rtentry$$0000000D
    __rtentry4.o(.ARM.Collect$$rtentry$$00000004) refers to sys_stackheap_outer.o(.text) for __user_setup_stackheap
    __rtentry4.o(.ARM.exidx) refers to __rtentry4.o(.ARM.Collect$$rtentry$$00000004) for .ARM.Collect$$rtentry$$00000004
    argv_veneer.o(.emb_text) refers to no_argv.o(.text) for __ARM_get_argv
    sys_stackheap_outer.o(.text) refers to libspace.o(.text) for __user_perproc_libspace
    sys_stackheap_outer.o(.text) refers to startup_lpc17xx.o(.text) for __user_initial_stackheap
    exit.o(.text) refers to rtexit.o(.ARM.Collect$$rtexit$$00000000) for __rt_exit
    _get_argv_nomalloc.o(.text) refers (Special) to hrguard.o(.text) for __heap_region$guard
    _get_argv_nomalloc.o(.text) refers to defsig_rtmem_outer.o(.text) for __rt_SIGRTMEM
    _get_argv_nomalloc.o(.text) refers to sys_command.o(.text) for _sys_command_string
    libinit.o(.ARM.Collect$$libinit$$00000000) refers (Special) to libinit2.o(.ARM.Collect$$libinit$$0000002E) for __rt_lib_init_alloca_1
    libinit.o(.ARM.Collect$$libinit$$00000000) refers (Special) to libinit2.o(.ARM.Collect$$libinit$$0000002C) for __rt_lib_init_argv_1
    libinit.o(.ARM.Collect$$libinit$$00000000) refers (Special) to libinit2.o(.ARM.Collect$$libinit$$0000001B) for __rt_lib_init_atexit_1
    libinit.o(.ARM.Collect$$libinit$$00000000) refers (Special) to libinit2.o(.ARM.Collect$$libinit$$00000021) for __rt_lib_init_clock_1
    libinit.o(.ARM.Collect$$libinit$$00000000) refers (Special) to libinit2.o(.ARM.Collect$$libinit$$00000032) for __rt_lib_init_cpp_1
    libinit.o(.ARM.Collect$$libinit$$00000000) refers (Special) to libinit2.o(.ARM.Collect$$libinit$$00000030) for __rt_lib_init_exceptions_1
    libinit.o(.ARM.Collect$$libinit$$00000000) refers (Special) to libinit2.o(.ARM.Collect$$libinit$$00000002) for __rt_lib_init_fp_1
    libinit.o(.ARM.Collect$$libinit$$00000000) refers (Special) to libinit2.o(.ARM.Collect$$libinit$$0000001F) for __rt_lib_init_fp_trap_1
    libinit.o(.ARM.Collect$$libinit$$00000000) refers (Special) to libinit2.o(.ARM.Collect$$libinit$$00000023) for __rt_lib_init_getenv_1
    libinit.o(.ARM.Collect$$libinit$$00000000) refers (Special) to libinit2.o(.ARM.Collect$$libinit$$0000000A) for __rt_lib_init_heap_1
    libinit.o(.ARM.Collect$$libinit$$00000000) refers (Special) to libinit2.o(.ARM.Collect$$libinit$$00000011) for __rt_lib_init_lc_collate_1
    libinit.o(.ARM.Collect$$libinit$$00000000) refers (Special) to libinit2.o(.ARM.Collect$$libinit$$00000013) for __rt_lib_init_lc_ctype_1
    libinit.o(.ARM.Collect$$libinit$$00000000) refers (Special) to libinit2.o(.ARM.Collect$$libinit$$00000015) for __rt_lib_init_lc_monetary_1
    libinit.o(.ARM.Collect$$libinit$$00000000) refers (Special) to libinit2.o(.ARM.Collect$$libinit$$00000017) for __rt_lib_init_lc_numeric_1
    libinit.o(.ARM.Collect$$libinit$$00000000) refers (Special) to libinit2.o(.ARM.Collect$$libinit$$00000019) for __rt_lib_init_lc_time_1
    libinit.o(.ARM.Collect$$libinit$$00000000) refers (Special) to libinit2.o(.ARM.Collect$$libinit$$00000004) for __rt_lib_init_preinit_1
    libinit.o(.ARM.Collect$$libinit$$00000000) refers (Special) to libinit2.o(.ARM.Collect$$libinit$$0000000E) for __rt_lib_init_rand_1
    libinit.o(.ARM.Collect$$libinit$$00000000) refers (Special) to libinit2.o(.ARM.Collect$$libinit$$00000033) for __rt_lib_init_return
    libinit.o(.ARM.Collect$$libinit$$00000000) refers (Special) to libinit2.o(.ARM.Collect$$libinit$$0000001D) for __rt_lib_init_signal_1
    libinit.o(.ARM.Collect$$libinit$$00000000) refers (Special) to libinit2.o(.ARM.Collect$$libinit$$00000025) for __rt_lib_init_stdio_1
    libinit.o(.ARM.Collect$$libinit$$00000000) refers (Special) to libinit2.o(.ARM.Collect$$libinit$$0000000C) for __rt_lib_init_user_alloc_1
    sys_command.o(.text) refers (Special) to use_no_semi.o(.text) for __I$use$semihosting
    sys_command.o(.text) refers (Special) to indicate_semi.o(.text) for __semihosting_library_function
    libspace.o(.text) refers to libspace.o(.bss) for __libspace_start
    rtexit.o(.ARM.Collect$$rtexit$$00000000) refers (Special) to rtexit2.o(.ARM.Collect$$rtexit$$00000004) for __rt_exit_exit
    rtexit.o(.ARM.Collect$$rtexit$$00000000) refers (Special) to rtexit2.o(.ARM.Collect$$rtexit$$00000003) for __rt_exit_ls
    rtexit.o(.ARM.Collect$$rtexit$$00000000) refers (Special) to rtexit2.o(.ARM.Collect$$rtexit$$00000002) for __rt_exit_prels_1
    rtexit.o(.ARM.exidx) refers (Special) to rtexit2.o(.ARM.Collect$$rtexit$$00000004) for __rt_exit_exit
    rtexit.o(.ARM.exidx) refers (Special) to rtexit2.o(.ARM.Collect$$rtexit$$00000003) for __rt_exit_ls
    rtexit.o(.ARM.exidx) refers (Special) to rtexit2.o(.ARM.Collect$$rtexit$$00000002) for __rt_exit_prels_1
    rtexit.o(.ARM.exidx) refers to rtexit.o(.ARM.Collect$$rtexit$$00000000) for .ARM.Collect$$rtexit$$00000000
    defsig_rtmem_outer.o(.text) refers to defsig_rtmem_inner.o(.text) for __rt_SIGRTMEM_inner
    defsig_rtmem_outer.o(.text) refers to defsig_exit.o(.text) for __sig_exit
    defsig_rtmem_formal.o(.text) refers to rt_raise.o(.text) for __rt_raise
    rtexit2.o(.ARM.Collect$$rtexit$$00000003) refers to libshutdown.o(.ARM.Collect$$libshutdown$$00000000) for __rt_lib_shutdown
    rtexit2.o(.ARM.Collect$$rtexit$$00000004) refers to sys_exit.o(.text) for _sys_exit
    rtexit2.o(.ARM.exidx) refers to rtexit2.o(.ARM.Collect$$rtexit$$00000001) for .ARM.Collect$$rtexit$$00000001
    rtexit2.o(.ARM.exidx) refers to rtexit2.o(.ARM.Collect$$rtexit$$00000003) for .ARM.Collect$$rtexit$$00000003
    rtexit2.o(.ARM.exidx) refers to rtexit2.o(.ARM.Collect$$rtexit$$00000004) for .ARM.Collect$$rtexit$$00000004
    rt_raise.o(.text) refers to __raise.o(.text) for __raise
    rt_raise.o(.text) refers to sys_exit.o(.text) for _sys_exit
    defsig_exit.o(.text) refers to sys_exit.o(.text) for _sys_exit
    defsig_rtmem_inner.o(.text) refers to defsig_general.o(.text) for __default_signal_display
    sys_exit.o(.text) refers (Special) to use_no_semi.o(.text) for __I$use$semihosting
    sys_exit.o(.text) refers (Special) to indicate_semi.o(.text) for __semihosting_library_function
    __raise.o(.text) refers to defsig.o(CL$$defsig) for __default_signal_handler
    defsig_general.o(.text) refers to sys_wrch.o(.text) for _ttywrch
    libshutdown.o(.ARM.Collect$$libshutdown$$00000000) refers (Special) to libshutdown2.o(.ARM.Collect$$libshutdown$$00000004) for __rt_lib_shutdown_cpp_1
    libshutdown.o(.ARM.Collect$$libshutdown$$00000000) refers (Special) to libshutdown2.o(.ARM.Collect$$libshutdown$$00000002) for __rt_lib_shutdown_fini_1
    libshutdown.o(.ARM.Collect$$libshutdown$$00000000) refers (Special) to libshutdown2.o(.ARM.Collect$$libshutdown$$00000009) for __rt_lib_shutdown_fp_trap_1
    libshutdown.o(.ARM.Collect$$libshutdown$$00000000) refers (Special) to libshutdown2.o(.ARM.Collect$$libshutdown$$00000011) for __rt_lib_shutdown_heap_1
    libshutdown.o(.ARM.Collect$$libshutdown$$00000000) refers (Special) to libshutdown2.o(.ARM.Collect$$libshutdown$$00000012) for __rt_lib_shutdown_return
    libshutdown.o(.ARM.Collect$$libshutdown$$00000000) refers (Special) to libshutdown2.o(.ARM.Collect$$libshutdown$$0000000C) for __rt_lib_shutdown_signal_1
    libshutdown.o(.ARM.Collect$$libshutdown$$00000000) refers (Special) to libshutdown2.o(.ARM.Collect$$libshutdown$$00000006) for __rt_lib_shutdown_stdio_1
    libshutdown.o(.ARM.Collect$$libshutdown$$00000000) refers (Special) to libshutdown2.o(.ARM.Collect$$libshutdown$$0000000E) for __rt_lib_shutdown_user_alloc_1
    sys_wrch.o(.text) refers (Special) to use_no_semi.o(.text) for __I$use$semihosting
    sys_wrch.o(.text) refers (Special) to indicate_semi.o(.text) for __semihosting_library_function
    defsig.o(CL$$defsig) refers to defsig_rtmem_inner.o(.text) for __rt_SIGRTMEM_inner
    defsig_abrt_inner.o(.text) refers to defsig_general.o(.text) for __default_signal_display
    defsig_fpe_inner.o(.text) refers to defsig_general.o(.text) for __default_signal_display
    defsig_rtred_inner.o(.text) refers to defsig_general.o(.text) for __default_signal_display
    defsig_stak_inner.o(.text) refers to defsig_general.o(.text) for __default_signal_display
    defsig_pvfn_inner.o(.text) refers to defsig_general.o(.text) for __default_signal_display
    defsig_cppl_inner.o(.text) refers to defsig_general.o(.text) for __default_signal_display
    defsig_segv_inner.o(.text) refers to defsig_general.o(.text) for __default_signal_display
    defsig_other.o(.text) refers to defsig_general.o(.text) for __default_signal_display


==============================================================================

Removing Unused input sections from the image.

    Removing sample.o(.rev16_text), (4 bytes).
    Removing sample.o(.revsh_text), (4 bytes).
    Removing sample.o(.rrx_text), (6 bytes).
    Removing core_cm3.o(.emb_text), (32 bytes).
    Removing system_lpc17xx.o(.rev16_text), (4 bytes).
    Removing system_lpc17xx.o(.revsh_text), (4 bytes).
    Removing system_lpc17xx.o(.rrx_text), (6 bytes).
    Removing irq_timer.o(.rev16_text), (4 bytes).
    Removing irq_timer.o(.revsh_text), (4 bytes).
    Removing irq_timer.o(.rrx_text), (6 bytes).
    Removing lib_timer.o(.rev16_text), (4 bytes).
    Removing lib_timer.o(.revsh_text), (4 bytes).
    Removing lib_timer.o(.rrx_text), (6 bytes).
    Removing glcd.o(.rev16_text), (4 bytes).
    Removing glcd.o(.revsh_text), (4 bytes).
    Removing glcd.o(.rrx_text), (6 bytes).
    Removing hzlib.o(.text), (52 bytes).
    Removing hzlib.o(.constdata), (216576 bytes).
    Removing touchpanel.o(.rev16_text), (4 bytes).
    Removing touchpanel.o(.revsh_text), (4 bytes).
    Removing touchpanel.o(.rrx_text), (6 bytes).
    Removing touchpanel.o(.text), (2432 bytes).
    Removing touchpanel.o(.bss), (68 bytes).
    Removing touchpanel.o(.data), (20 bytes).
    Removing irq_rit.o(.rev16_text), (4 bytes).
    Removing irq_rit.o(.revsh_text), (4 bytes).
    Removing irq_rit.o(.rrx_text), (6 bytes).
    Removing lib_rit.o(.rev16_text), (4 bytes).
    Removing lib_rit.o(.revsh_text), (4 bytes).
    Removing lib_rit.o(.rrx_text), (6 bytes).
    Removing irq_button.o(.rev16_text), (4 bytes).
    Removing irq_button.o(.revsh_text), (4 bytes).
    Removing irq_button.o(.rrx_text), (6 bytes).
    Removing lib_button.o(.rev16_text), (4 bytes).
    Removing lib_button.o(.revsh_text), (4 bytes).
    Removing lib_button.o(.rrx_text), (6 bytes).
    Removing gioco.o(.rev16_text), (4 bytes).
    Removing gioco.o(.revsh_text), (4 bytes).
    Removing gioco.o(.rrx_text), (6 bytes).
    Removing muri.o(.rev16_text), (4 bytes).
    Removing muri.o(.revsh_text), (4 bytes).
    Removing muri.o(.rrx_text), (6 bytes).
    Removing funct_joystick.o(.rev16_text), (4 bytes).
    Removing funct_joystick.o(.revsh_text), (4 bytes).
    Removing funct_joystick.o(.rrx_text), (6 bytes).
    Removing funct_joystick.o(.text), (2 bytes).
    Removing lib_joystick.o(.rev16_text), (4 bytes).
    Removing lib_joystick.o(.revsh_text), (4 bytes).
    Removing lib_joystick.o(.rrx_text), (6 bytes).
    Removing irq_can.o(.rev16_text), (4 bytes).
    Removing irq_can.o(.revsh_text), (4 bytes).
    Removing irq_can.o(.rrx_text), (6 bytes).
    Removing irq_can.o(.data), (4 bytes).
    Removing lib_can.o(.rev16_text), (4 bytes).
    Removing lib_can.o(.revsh_text), (4 bytes).
    Removing lib_can.o(.rrx_text), (6 bytes).
    Removing board.o(.rev16_text), (4 bytes).
    Removing board.o(.revsh_text), (4 bytes).
    Removing board.o(.rrx_text), (6 bytes).

59 unused section(s) (total 219424 bytes) removed from the image.

==============================================================================

Image Symbol Table

    Local Symbols

    Symbol Name                              Value     Ov Type        Size  Object(Section)

    RESET                                    0x00000000   Section      204  startup_lpc17xx.o(RESET)
    ../clib/angel/boardlib.s                 0x00000000   Number         0  boardinit2.o ABSOLUTE
    ../clib/angel/boardlib.s                 0x00000000   Number         0  boardinit3.o ABSOLUTE
    ../clib/angel/boardlib.s                 0x00000000   Number         0  boardinit1.o ABSOLUTE
    ../clib/angel/boardlib.s                 0x00000000   Number         0  boardshut.o ABSOLUTE
    ../clib/angel/handlers.s                 0x00000000   Number         0  __scatter_zi.o ABSOLUTE
    ../clib/angel/handlers.s                 0x00000000   Number         0  __scatter_copy.o ABSOLUTE
    ../clib/angel/kernel.s                   0x00000000   Number         0  rtexit.o ABSOLUTE
    ../clib/angel/kernel.s                   0x00000000   Number         0  __rtentry.o ABSOLUTE
    ../clib/angel/kernel.s                   0x00000000   Number         0  __rtentry2.o ABSOLUTE
    ../clib/angel/kernel.s                   0x00000000   Number         0  __rtentry4.o ABSOLUTE
    ../clib/angel/kernel.s                   0x00000000   Number         0  rtexit2.o ABSOLUTE
    ../clib/angel/rt.s                       0x00000000   Number         0  rt_raise.o ABSOLUTE
    ../clib/angel/scatter.s                  0x00000000   Number         0  __scatter.o ABSOLUTE
    ../clib/angel/startup.s                  0x00000000   Number         0  __main.o ABSOLUTE
    ../clib/angel/sys.s                      0x00000000   Number         0  libspace.o ABSOLUTE
    ../clib/angel/sys.s                      0x00000000   Number         0  use_no_semi.o ABSOLUTE
    ../clib/angel/sys.s                      0x00000000   Number         0  indicate_semi.o ABSOLUTE
    ../clib/angel/sys.s                      0x00000000   Number         0  sys_stackheap_outer.o ABSOLUTE
    ../clib/angel/sysapp.c                   0x00000000   Number         0  sys_command.o ABSOLUTE
    ../clib/angel/sysapp.c                   0x00000000   Number         0  sys_wrch.o ABSOLUTE
    ../clib/angel/sysapp.c                   0x00000000   Number         0  sys_exit.o ABSOLUTE
    ../clib/armsys.c                         0x00000000   Number         0  no_argv.o ABSOLUTE
    ../clib/armsys.c                         0x00000000   Number         0  _get_argv_nomalloc.o ABSOLUTE
    ../clib/armsys.c                         0x00000000   Number         0  argv_veneer.o ABSOLUTE
    ../clib/armsys.c                         0x00000000   Number         0  argv_veneer.o ABSOLUTE
    ../clib/heapalloc.c                      0x00000000   Number         0  hrguard.o ABSOLUTE
    ../clib/heapaux.c                        0x00000000   Number         0  heapauxi.o ABSOLUTE
    ../clib/libinit.s                        0x00000000   Number         0  libinit.o ABSOLUTE
    ../clib/libinit.s                        0x00000000   Number         0  libshutdown2.o ABSOLUTE
    ../clib/libinit.s                        0x00000000   Number         0  libinit2.o ABSOLUTE
    ../clib/libinit.s                        0x00000000   Number         0  libshutdown.o ABSOLUTE
    ../clib/memcpset.s                       0x00000000   Number         0  rt_memcpy_w.o ABSOLUTE
    ../clib/memcpset.s                       0x00000000   Number         0  rt_memcpy_v6.o ABSOLUTE
    ../clib/memcpset.s                       0x00000000   Number         0  rt_memclr_w.o ABSOLUTE
    ../clib/printf.c                         0x00000000   Number         0  _printf_intcommon.o ABSOLUTE
    ../clib/printf.c                         0x00000000   Number         0  __printf_flags_wp.o ABSOLUTE
    ../clib/printf.c                         0x00000000   Number         0  __printf_nopercent.o ABSOLUTE
    ../clib/printf.c                         0x00000000   Number         0  __printf_flags_ss_wp.o ABSOLUTE
    ../clib/printf.c                         0x00000000   Number         0  __printf_ss_wp.o ABSOLUTE
    ../clib/printf.c                         0x00000000   Number         0  _sputc.o ABSOLUTE
    ../clib/printf.c                         0x00000000   Number         0  _printf_char_common.o ABSOLUTE
    ../clib/printf.c                         0x00000000   Number         0  __printf_wp.o ABSOLUTE
    ../clib/printf.c                         0x00000000   Number         0  __2sprintf.o ABSOLUTE
    ../clib/printf.c                         0x00000000   Number         0  noretval__2sprintf.o ABSOLUTE
    ../clib/printf.c                         0x00000000   Number         0  __printf.o ABSOLUTE
    ../clib/printf.c                         0x00000000   Number         0  _printf_dec.o ABSOLUTE
    ../clib/printf.c                         0x00000000   Number         0  __printf_flags.o ABSOLUTE
    ../clib/printf.c                         0x00000000   Number         0  __printf_ss.o ABSOLUTE
    ../clib/printf.c                         0x00000000   Number         0  __printf_flags_ss.o ABSOLUTE
    ../clib/printf_percent.s                 0x00000000   Number         0  _printf_percent.o ABSOLUTE
    ../clib/printf_percent.s                 0x00000000   Number         0  _printf_d.o ABSOLUTE
    ../clib/printf_percent.s                 0x00000000   Number         0  _printf_percent_end.o ABSOLUTE
    ../clib/signal.c                         0x00000000   Number         0  defsig_general.o ABSOLUTE
    ../clib/signal.c                         0x00000000   Number         0  __raise.o ABSOLUTE
    ../clib/signal.c                         0x00000000   Number         0  defsig_rtmem_inner.o ABSOLUTE
    ../clib/signal.c                         0x00000000   Number         0  defsig_rtred_inner.o ABSOLUTE
    ../clib/signal.c                         0x00000000   Number         0  defsig_stak_inner.o ABSOLUTE
    ../clib/signal.c                         0x00000000   Number         0  defsig_pvfn_inner.o ABSOLUTE
    ../clib/signal.c                         0x00000000   Number         0  defsig_cppl_inner.o ABSOLUTE
    ../clib/signal.c                         0x00000000   Number         0  defsig_segv_inner.o ABSOLUTE
    ../clib/signal.c                         0x00000000   Number         0  defsig_exit.o ABSOLUTE
    ../clib/signal.c                         0x00000000   Number         0  defsig_other.o ABSOLUTE
    ../clib/signal.c                         0x00000000   Number         0  defsig_fpe_inner.o ABSOLUTE
    ../clib/signal.c                         0x00000000   Number         0  defsig_rtmem_formal.o ABSOLUTE
    ../clib/signal.c                         0x00000000   Number         0  defsig_rtmem_outer.o ABSOLUTE
    ../clib/signal.c                         0x00000000   Number         0  defsig_abrt_inner.o ABSOLUTE
    ../clib/signal.s                         0x00000000   Number         0  defsig.o ABSOLUTE
    ../clib/stdlib.c                         0x00000000   Number         0  rand.o ABSOLUTE
    ../clib/stdlib.c                         0x00000000   Number         0  rand.o ABSOLUTE
    ../clib/stdlib.c                         0x00000000   Number         0  exit.o ABSOLUTE
    ../fplib/daddsub.s                       0x00000000   Number         0  daddsub_clz.o ABSOLUTE
    ../fplib/dcmpi.s                         0x00000000   Number         0  dcmpi.o ABSOLUTE
    ../fplib/ddiv.s                          0x00000000   Number         0  ddiv.o ABSOLUTE
    ../fplib/deqf.s                          0x00000000   Number         0  deqf.o ABSOLUTE
    ../fplib/dfixu.s                         0x00000000   Number         0  dfixu.o ABSOLUTE
    ../fplib/dflt.s                          0x00000000   Number         0  dflt_clz.o ABSOLUTE
    ../fplib/dmul.s                          0x00000000   Number         0  dmul.o ABSOLUTE
    ../fplib/dnaninf.s                       0x00000000   Number         0  dnaninf.o ABSOLUTE
    ../fplib/dretinf.s                       0x00000000   Number         0  dretinf.o ABSOLUTE
    ../fplib/fpinit.s                        0x00000000   Number         0  fpinit.o ABSOLUTE
    ../fplib/usenofp.s                       0x00000000   Number         0  usenofp.o ABSOLUTE
    CAN\IRQ_CAN.c                            0x00000000   Number         0  irq_can.o ABSOLUTE
    CAN\\IRQ_CAN.c                           0x00000000   Number         0  irq_can.o ABSOLUTE
    CAN\\lib_CAN.c                           0x00000000   Number         0  lib_can.o ABSOLUTE
    CAN\lib_CAN.c                            0x00000000   Number         0  lib_can.o ABSOLUTE
    GLCD\AsciiLib.c                          0x00000000   Number         0  asciilib.o ABSOLUTE
    GLCD\GLCD.c                              0x00000000   Number         0  glcd.o ABSOLUTE
    GLCD\HzLib.c                             0x00000000   Number         0  hzlib.o ABSOLUTE
    GLCD\\GLCD.c                             0x00000000   Number         0  glcd.o ABSOLUTE
    Gioco\\gioco.c                           0x00000000   Number         0  gioco.o ABSOLUTE
    Gioco\\muri.c                            0x00000000   Number         0  muri.o ABSOLUTE
    Gioco\gioco.c                            0x00000000   Number         0  gioco.o ABSOLUTE
    Gioco\muri.c                             0x00000000   Number         0  muri.o ABSOLUTE
    RIT\IRQ_RIT.c                            0x00000000   Number         0  irq_rit.o ABSOLUTE
    RIT\\IRQ_RIT.c                           0x00000000   Number         0  irq_rit.o ABSOLUTE
    RIT\\lib_RIT.c                           0x00000000   Number         0  lib_rit.o ABSOLUTE
    RIT\lib_RIT.c                            0x00000000   Number         0  lib_rit.o ABSOLUTE
    TouchPanel\TouchPanel.c                  0x00000000   Number         0  touchpanel.o ABSOLUTE
    TouchPanel\\TouchPanel.c                 0x00000000   Number         0  touchpanel.o ABSOLUTE
    board.c                                  0x00000000   Number         0  board.o ABSOLUTE
    board.c                                  0x00000000   Number         0  board.o ABSOLUTE
    button_EXINT\IRQ_button.c                0x00000000   Number         0  irq_button.o ABSOLUTE
    button_EXINT\\IRQ_button.c               0x00000000   Number         0  irq_button.o ABSOLUTE
    button_EXINT\\lib_button.c               0x00000000   Number         0  lib_button.o ABSOLUTE
    button_EXINT\lib_button.c                0x00000000   Number         0  lib_button.o ABSOLUTE
    core_cm3.c                               0x00000000   Number         0  core_cm3.o ABSOLUTE
    core_cm3.c                               0x00000000   Number         0  core_cm3.o ABSOLUTE
    dc.s                                     0x00000000   Number         0  dc.o ABSOLUTE
    joystick\\funct_joystick.c               0x00000000   Number         0  funct_joystick.o ABSOLUTE
    joystick\\lib_joystick.c                 0x00000000   Number         0  lib_joystick.o ABSOLUTE
    joystick\funct_joystick.c                0x00000000   Number         0  funct_joystick.o ABSOLUTE
    joystick\lib_joystick.c                  0x00000000   Number         0  lib_joystick.o ABSOLUTE
    sample.c                                 0x00000000   Number         0  sample.o ABSOLUTE
    sample.c                                 0x00000000   Number         0  sample.o ABSOLUTE
    startup_LPC17xx.s                        0x00000000   Number         0  startup_lpc17xx.o ABSOLUTE
    system_LPC17xx.c                         0x00000000   Number         0  system_lpc17xx.o ABSOLUTE
    system_LPC17xx.c                         0x00000000   Number         0  system_lpc17xx.o ABSOLUTE
    timer\IRQ_timer.c                        0x00000000   Number         0  irq_timer.o ABSOLUTE
    timer\\IRQ_timer.c                       0x00000000   Number         0  irq_timer.o ABSOLUTE
    timer\\lib_timer.c                       0x00000000   Number         0  lib_timer.o ABSOLUTE
    timer\lib_timer.c                        0x00000000   Number         0  lib_timer.o ABSOLUTE
    !!!main                                  0x000000cc   Section        8  __main.o(!!!main)
    !!!scatter                               0x000000d4   Section       52  __scatter.o(!!!scatter)
    !!handler_copy                           0x00000108   Section       26  __scatter_copy.o(!!handler_copy)
    !!handler_zi                             0x00000124   Section       28  __scatter_zi.o(!!handler_zi)
    .ARM.Collect$$_printf_percent$$00000000  0x00000140   Section        0  _printf_percent.o(.ARM.Collect$$_printf_percent$$00000000)
    .ARM.Collect$$_printf_percent$$00000009  0x00000140   Section        6  _printf_d.o(.ARM.Collect$$_printf_percent$$00000009)
    .ARM.Collect$$_printf_percent$$00000017  0x00000146   Section        4  _printf_percent_end.o(.ARM.Collect$$_printf_percent$$00000017)
    .ARM.Collect$$libinit$$00000000          0x0000014a   Section        2  libinit.o(.ARM.Collect$$libinit$$00000000)
    .ARM.Collect$$libinit$$00000002          0x0000014c   Section        0  libinit2.o(.ARM.Collect$$libinit$$00000002)
    .ARM.Collect$$libinit$$00000004          0x0000014c   Section        0  libinit2.o(.ARM.Collect$$libinit$$00000004)
    .ARM.Collect$$libinit$$0000000A          0x0000014c   Section        0  libinit2.o(.ARM.Collect$$libinit$$0000000A)
    .ARM.Collect$$libinit$$0000000C          0x0000014c   Section        0  libinit2.o(.ARM.Collect$$libinit$$0000000C)
    .ARM.Collect$$libinit$$0000000D          0x0000014c   Section        4  libinit2.o(.ARM.Collect$$libinit$$0000000D)
    .ARM.Collect$$libinit$$0000000E          0x00000150   Section        0  libinit2.o(.ARM.Collect$$libinit$$0000000E)
    .ARM.Collect$$libinit$$00000011          0x00000150   Section        0  libinit2.o(.ARM.Collect$$libinit$$00000011)
    .ARM.Collect$$libinit$$00000013          0x00000150   Section        0  libinit2.o(.ARM.Collect$$libinit$$00000013)
    .ARM.Collect$$libinit$$00000015          0x00000150   Section        0  libinit2.o(.ARM.Collect$$libinit$$00000015)
    .ARM.Collect$$libinit$$00000017          0x00000150   Section        0  libinit2.o(.ARM.Collect$$libinit$$00000017)
    .ARM.Collect$$libinit$$00000019          0x00000150   Section        0  libinit2.o(.ARM.Collect$$libinit$$00000019)
    .ARM.Collect$$libinit$$0000001B          0x00000150   Section        0  libinit2.o(.ARM.Collect$$libinit$$0000001B)
    .ARM.Collect$$libinit$$0000001D          0x00000150   Section        0  libinit2.o(.ARM.Collect$$libinit$$0000001D)
    .ARM.Collect$$libinit$$0000001F          0x00000150   Section        0  libinit2.o(.ARM.Collect$$libinit$$0000001F)
    .ARM.Collect$$libinit$$00000021          0x00000150   Section        0  libinit2.o(.ARM.Collect$$libinit$$00000021)
    .ARM.Collect$$libinit$$00000023          0x00000150   Section        0  libinit2.o(.ARM.Collect$$libinit$$00000023)
    .ARM.Collect$$libinit$$00000025          0x00000150   Section        0  libinit2.o(.ARM.Collect$$libinit$$00000025)
    .ARM.Collect$$libinit$$0000002C          0x00000150   Section        0  libinit2.o(.ARM.Collect$$libinit$$0000002C)
    .ARM.Collect$$libinit$$0000002E          0x00000150   Section        0  libinit2.o(.ARM.Collect$$libinit$$0000002E)
    .ARM.Collect$$libinit$$00000030          0x00000150   Section        0  libinit2.o(.ARM.Collect$$libinit$$00000030)
    .ARM.Collect$$libinit$$00000032          0x00000150   Section        0  libinit2.o(.ARM.Collect$$libinit$$00000032)
    .ARM.Collect$$libinit$$00000033          0x00000150   Section        2  libinit2.o(.ARM.Collect$$libinit$$00000033)
    .ARM.Collect$$libshutdown$$00000000      0x00000152   Section        2  libshutdown.o(.ARM.Collect$$libshutdown$$00000000)
    .ARM.Collect$$libshutdown$$00000002      0x00000154   Section        0  libshutdown2.o(.ARM.Collect$$libshutdown$$00000002)
    .ARM.Collect$$libshutdown$$00000004      0x00000154   Section        0  libshutdown2.o(.ARM.Collect$$libshutdown$$00000004)
    .ARM.Collect$$libshutdown$$00000006      0x00000154   Section        0  libshutdown2.o(.ARM.Collect$$libshutdown$$00000006)
    .ARM.Collect$$libshutdown$$00000009      0x00000154   Section        0  libshutdown2.o(.ARM.Collect$$libshutdown$$00000009)
    .ARM.Collect$$libshutdown$$0000000C      0x00000154   Section        0  libshutdown2.o(.ARM.Collect$$libshutdown$$0000000C)
    .ARM.Collect$$libshutdown$$0000000E      0x00000154   Section        0  libshutdown2.o(.ARM.Collect$$libshutdown$$0000000E)
    .ARM.Collect$$libshutdown$$00000011      0x00000154   Section        0  libshutdown2.o(.ARM.Collect$$libshutdown$$00000011)
    .ARM.Collect$$libshutdown$$00000012      0x00000154   Section        2  libshutdown2.o(.ARM.Collect$$libshutdown$$00000012)
    .ARM.Collect$$rtentry$$00000000          0x00000156   Section        0  __rtentry.o(.ARM.Collect$$rtentry$$00000000)
    .ARM.Collect$$rtentry$$00000002          0x00000156   Section        0  __rtentry2.o(.ARM.Collect$$rtentry$$00000002)
    .ARM.Collect$$rtentry$$00000004          0x00000156   Section        6  __rtentry4.o(.ARM.Collect$$rtentry$$00000004)
    .ARM.Collect$$rtentry$$00000009          0x0000015c   Section        0  __rtentry2.o(.ARM.Collect$$rtentry$$00000009)
    .ARM.Collect$$rtentry$$0000000A          0x0000015c   Section        4  __rtentry2.o(.ARM.Collect$$rtentry$$0000000A)
    .ARM.Collect$$rtentry$$0000000C          0x00000160   Section        0  __rtentry2.o(.ARM.Collect$$rtentry$$0000000C)
    .ARM.Collect$$rtentry$$0000000D          0x00000160   Section        8  __rtentry2.o(.ARM.Collect$$rtentry$$0000000D)
    .ARM.Collect$$rtexit$$00000000           0x00000168   Section        2  rtexit.o(.ARM.Collect$$rtexit$$00000000)
    .ARM.Collect$$rtexit$$00000002           0x0000016a   Section        0  rtexit2.o(.ARM.Collect$$rtexit$$00000002)
    .ARM.Collect$$rtexit$$00000003           0x0000016a   Section        4  rtexit2.o(.ARM.Collect$$rtexit$$00000003)
    .ARM.Collect$$rtexit$$00000004           0x0000016e   Section        6  rtexit2.o(.ARM.Collect$$rtexit$$00000004)
    .emb_text                                0x00000174   Section       52  rand.o(.emb_text)
    .text                                    0x000001a8   Section       52  startup_lpc17xx.o(.text)
    .text                                    0x000001dc   Section        0  sample.o(.text)
    .text                                    0x00000238   Section        0  irq_timer.o(.text)
    .text                                    0x000002f8   Section        2  use_no_semi.o(.text)
    .text                                    0x000002fa   Section        0  indicate_semi.o(.text)
    .ARM.__at_0x02FC                         0x000002fc   Section        4  startup_lpc17xx.o(.ARM.__at_0x02FC)
    .text                                    0x00000300   Section        0  system_lpc17xx.o(.text)
    .text                                    0x0000054c   Section        0  lib_timer.o(.text)
    __NVIC_EnableIRQ                         0x0000054d   Thumb Code    34  lib_timer.o(.text)
    .text                                    0x000005f4   Section        0  asciilib.o(.text)
    .text                                    0x00000614   Section        0  glcd.o(.text)
    LCD_Configuration                        0x00000615   Thumb Code    20  glcd.o(.text)
    wait_delay                               0x00000629   Thumb Code    12  glcd.o(.text)
    LCD_SetCursor                            0x00000635   Thumb Code  1356  glcd.o(.text)
    delay_ms                                 0x00000b81   Thumb Code    30  glcd.o(.text)
    LCD_BGR2RGB                              0x000046c9   Thumb Code    26  glcd.o(.text)
    .text                                    0x00004fb8   Section        0  irq_rit.o(.text)
    __NVIC_EnableIRQ                         0x00004fb9   Thumb Code    34  irq_rit.o(.text)
    .text                                    0x00005d6c   Section        0  lib_rit.o(.text)
    .text                                    0x00005e2c   Section        0  irq_button.o(.text)
    __NVIC_DisableIRQ                        0x00005e2d   Thumb Code    30  irq_button.o(.text)
    .text                                    0x00005f08   Section        0  lib_button.o(.text)
    __NVIC_EnableIRQ                         0x00005f09   Thumb Code    34  lib_button.o(.text)
    __NVIC_SetPriority                       0x00005f2b   Thumb Code    32  lib_button.o(.text)
    .text                                    0x00005fdc   Section        0  gioco.o(.text)
    .text                                    0x00008a3c   Section        0  muri.o(.text)
    .text                                    0x0000948c   Section        0  lib_joystick.o(.text)
    .text                                    0x000094b0   Section        0  irq_can.o(.text)
    .text                                    0x00009574   Section        0  lib_can.o(.text)
    __NVIC_EnableIRQ                         0x00009575   Thumb Code    34  lib_can.o(.text)
    CAN_cfgBaudrate                          0x00009597   Thumb Code    70  lib_can.o(.text)
    .text                                    0x00009a84   Section        0  board.o(.text)
    .text                                    0x00009b0c   Section        0  noretval__2sprintf.o(.text)
    .text                                    0x00009b34   Section        0  __printf.o(.text)
    .text                                    0x00009b9c   Section        0  _printf_dec.o(.text)
    .text                                    0x00009c14   Section        0  rand.o(.text)
    .text                                    0x00009c50   Section      138  rt_memcpy_v6.o(.text)
    .text                                    0x00009cda   Section       78  rt_memclr_w.o(.text)
    .text                                    0x00009d28   Section        0  heapauxi.o(.text)
    .text                                    0x00009d2e   Section        0  _printf_intcommon.o(.text)
    .text                                    0x00009de0   Section        0  _printf_char_common.o(.text)
    _printf_input_char                       0x00009de1   Thumb Code    10  _printf_char_common.o(.text)
    .text                                    0x00009e10   Section        0  _sputc.o(.text)
    .text                                    0x00009e1a   Section      100  rt_memcpy_w.o(.text)
    .text                                    0x00009e7e   Section       74  sys_stackheap_outer.o(.text)
    .text                                    0x00009ec8   Section        0  exit.o(.text)
    .text                                    0x00009edc   Section        8  libspace.o(.text)
    .text                                    0x00009ee4   Section        0  sys_exit.o(.text)
    .constdata                               0x00009ef0   Section     1520  asciilib.o(.constdata)
    AsciiLib                                 0x00009ef0   Data        1520  asciilib.o(.constdata)
    .constdata                               0x0000a4e0   Section       68  lib_can.o(.constdata)
    STACK                                    0x10000000   Section    32768  startup_lpc17xx.o(STACK)
    Stack_Mem                                0x10000000   Data       32768  startup_lpc17xx.o(STACK)
    __initial_sp                             0x10008000   Data           0  startup_lpc17xx.o(STACK)
    .data                                    0x2007c000   Section        5  system_lpc17xx.o(.data)
    .data                                    0x2007c008   Section       16  irq_timer.o(.data)
    .data                                    0x2007c018   Section        1  glcd.o(.data)
    LCD_Code                                 0x2007c018   Data           1  glcd.o(.data)
    .data                                    0x2007c01c   Section       96  irq_rit.o(.data)
    J_select                                 0x2007c058   Data           4  irq_rit.o(.data)
    J_down                                   0x2007c05c   Data           4  irq_rit.o(.data)
    J_left                                   0x2007c060   Data           4  irq_rit.o(.data)
    J_right                                  0x2007c064   Data           4  irq_rit.o(.data)
    J_up                                     0x2007c068   Data           4  irq_rit.o(.data)
    J_up_left                                0x2007c06c   Data           4  irq_rit.o(.data)
    J_up_right                               0x2007c070   Data           4  irq_rit.o(.data)
    J_down_left                              0x2007c074   Data           4  irq_rit.o(.data)
    J_down_right                             0x2007c078   Data           4  irq_rit.o(.data)
    .data                                    0x2007c07c   Section        4  irq_button.o(.data)
    .data                                    0x2007c080   Section       64  gioco.o(.data)
    .data                                    0x2007c0c0   Section       24  muri.o(.data)
    .data                                    0x2007c0d8   Section       16  lib_can.o(.data)
    CAN_std_cnt                              0x2007c0e0   Data           4  lib_can.o(.data)
    CAN_ext_cnt                              0x2007c0e4   Data           4  lib_can.o(.data)
    .data                                    0x2007c0e8   Section        4  board.o(.data)
    .bss                                     0x2007c0ec   Section      696  gioco.o(.bss)
    .bss                                     0x2007c3a4   Section       10  muri.o(.bss)
    .bss                                     0x2007c3b0   Section       32  lib_can.o(.bss)
    .bss                                     0x2007c3d0   Section      228  rand.o(.bss)
    .bss                                     0x2007c4b4   Section       96  libspace.o(.bss)
    HEAP                                     0x2007c518   Section        0  startup_lpc17xx.o(HEAP)
    Heap_Mem                                 0x2007c518   Data           0  startup_lpc17xx.o(HEAP)

    Global Symbols

    Symbol Name                              Value     Ov Type        Size  Object(Section)

    BuildAttributes$$THM_ISAv4$P$D$K$B$S$PE$A:L22UL41UL21$X:L11$S22US41US21$IEEE1$IW$USESV6$~STKCKD$USESV7$~SHL$OSPACE$ROPI$EBA8$UX$STANDARDLIB$REQ8$PRES8$EABIv2 0x00000000   Number         0  anon$$obj.o ABSOLUTE
    __ARM_use_no_argv                        0x00000000   Number         0  sample.o ABSOLUTE
    __Vectors                                0x00000000   Data           4  startup_lpc17xx.o(RESET)
    __ARM_exceptions_init                     - Undefined Weak Reference
    __alloca_initialize                       - Undefined Weak Reference
    __arm_fini_                               - Undefined Weak Reference
    __arm_preinit_                            - Undefined Weak Reference
    __cpp_initialize__aeabi_                  - Undefined Weak Reference
    __cxa_finalize                            - Undefined Weak Reference
    __rt_locale                               - Undefined Weak Reference
    __sigvec_lookup                           - Undefined Weak Reference
    _atexit_init                              - Undefined Weak Reference
    _call_atexit_fns                          - Undefined Weak Reference
    _clock_init                               - Undefined Weak Reference
    _fp_trap_init                             - Undefined Weak Reference
    _fp_trap_shutdown                         - Undefined Weak Reference
    _get_lc_collate                           - Undefined Weak Reference
    _get_lc_ctype                             - Undefined Weak Reference
    _get_lc_monetary                          - Undefined Weak Reference
    _get_lc_numeric                           - Undefined Weak Reference
    _get_lc_time                              - Undefined Weak Reference
    _getenv_init                              - Undefined Weak Reference
    _handle_redirection                       - Undefined Weak Reference
    _init_alloc                               - Undefined Weak Reference
    _init_user_alloc                          - Undefined Weak Reference
    _initio                                   - Undefined Weak Reference
    _printf_post_padding                      - Undefined Weak Reference
    _printf_pre_padding                       - Undefined Weak Reference
    _printf_truncate_signed                   - Undefined Weak Reference
    _printf_truncate_unsigned                 - Undefined Weak Reference
    _signal_finish                            - Undefined Weak Reference
    _signal_init                              - Undefined Weak Reference
    _terminate_alloc                          - Undefined Weak Reference
    _terminate_user_alloc                     - Undefined Weak Reference
    _terminateio                              - Undefined Weak Reference
    __main                                   0x000000cd   Thumb Code     8  __main.o(!!!main)
    __scatterload                            0x000000d5   Thumb Code     0  __scatter.o(!!!scatter)
    __scatterload_rt2                        0x000000d5   Thumb Code    44  __scatter.o(!!!scatter)
    __scatterload_rt2_thumb_only             0x000000d5   Thumb Code     0  __scatter.o(!!!scatter)
    __scatterload_null                       0x000000e3   Thumb Code     0  __scatter.o(!!!scatter)
    __scatterload_copy                       0x00000109   Thumb Code    26  __scatter_copy.o(!!handler_copy)
    __scatterload_zeroinit                   0x00000125   Thumb Code    28  __scatter_zi.o(!!handler_zi)
    _printf_d                                0x00000141   Thumb Code     0  _printf_d.o(.ARM.Collect$$_printf_percent$$00000009)
    _printf_percent                          0x00000141   Thumb Code     0  _printf_percent.o(.ARM.Collect$$_printf_percent$$00000000)
    _printf_percent_end                      0x00000147   Thumb Code     0  _printf_percent_end.o(.ARM.Collect$$_printf_percent$$00000017)
    __rt_lib_init                            0x0000014b   Thumb Code     0  libinit.o(.ARM.Collect$$libinit$$00000000)
    __rt_lib_init_fp_1                       0x0000014d   Thumb Code     0  libinit2.o(.ARM.Collect$$libinit$$00000002)
    __rt_lib_init_heap_1                     0x0000014d   Thumb Code     0  libinit2.o(.ARM.Collect$$libinit$$0000000A)
    __rt_lib_init_preinit_1                  0x0000014d   Thumb Code     0  libinit2.o(.ARM.Collect$$libinit$$00000004)
    __rt_lib_init_rand_2                     0x0000014d   Thumb Code     0  libinit2.o(.ARM.Collect$$libinit$$0000000D)
    __rt_lib_init_user_alloc_1               0x0000014d   Thumb Code     0  libinit2.o(.ARM.Collect$$libinit$$0000000C)
    __rt_lib_init_alloca_1                   0x00000151   Thumb Code     0  libinit2.o(.ARM.Collect$$libinit$$0000002E)
    __rt_lib_init_argv_1                     0x00000151   Thumb Code     0  libinit2.o(.ARM.Collect$$libinit$$0000002C)
    __rt_lib_init_atexit_1                   0x00000151   Thumb Code     0  libinit2.o(.ARM.Collect$$libinit$$0000001B)
    __rt_lib_init_clock_1                    0x00000151   Thumb Code     0  libinit2.o(.ARM.Collect$$libinit$$00000021)
    __rt_lib_init_cpp_1                      0x00000151   Thumb Code     0  libinit2.o(.ARM.Collect$$libinit$$00000032)
    __rt_lib_init_exceptions_1               0x00000151   Thumb Code     0  libinit2.o(.ARM.Collect$$libinit$$00000030)
    __rt_lib_init_fp_trap_1                  0x00000151   Thumb Code     0  libinit2.o(.ARM.Collect$$libinit$$0000001F)
    __rt_lib_init_getenv_1                   0x00000151   Thumb Code     0  libinit2.o(.ARM.Collect$$libinit$$00000023)
    __rt_lib_init_lc_collate_1               0x00000151   Thumb Code     0  libinit2.o(.ARM.Collect$$libinit$$00000011)
    __rt_lib_init_lc_ctype_1                 0x00000151   Thumb Code     0  libinit2.o(.ARM.Collect$$libinit$$00000013)
    __rt_lib_init_lc_monetary_1              0x00000151   Thumb Code     0  libinit2.o(.ARM.Collect$$libinit$$00000015)
    __rt_lib_init_lc_numeric_1               0x00000151   Thumb Code     0  libinit2.o(.ARM.Collect$$libinit$$00000017)
    __rt_lib_init_lc_time_1                  0x00000151   Thumb Code     0  libinit2.o(.ARM.Collect$$libinit$$00000019)
    __rt_lib_init_rand_1                     0x00000151   Thumb Code     0  libinit2.o(.ARM.Collect$$libinit$$0000000E)
    __rt_lib_init_return                     0x00000151   Thumb Code     0  libinit2.o(.ARM.Collect$$libinit$$00000033)
    __rt_lib_init_signal_1                   0x00000151   Thumb Code     0  libinit2.o(.ARM.Collect$$libinit$$0000001D)
    __rt_lib_init_stdio_1                    0x00000151   Thumb Code     0  libinit2.o(.ARM.Collect$$libinit$$00000025)
    __rt_lib_shutdown                        0x00000153   Thumb Code     0  libshutdown.o(.ARM.Collect$$libshutdown$$00000000)
    __rt_lib_shutdown_cpp_1                  0x00000155   Thumb Code     0  libshutdown2.o(.ARM.Collect$$libshutdown$$00000004)
    __rt_lib_shutdown_fini_1                 0x00000155   Thumb Code     0  libshutdown2.o(.ARM.Collect$$libshutdown$$00000002)
    __rt_lib_shutdown_fp_trap_1              0x00000155   Thumb Code     0  libshutdown2.o(.ARM.Collect$$libshutdown$$00000009)
    __rt_lib_shutdown_heap_1                 0x00000155   Thumb Code     0  libshutdown2.o(.ARM.Collect$$libshutdown$$00000011)
    __rt_lib_shutdown_return                 0x00000155   Thumb Code     0  libshutdown2.o(.ARM.Collect$$libshutdown$$00000012)
    __rt_lib_shutdown_signal_1               0x00000155   Thumb Code     0  libshutdown2.o(.ARM.Collect$$libshutdown$$0000000C)
    __rt_lib_shutdown_stdio_1                0x00000155   Thumb Code     0  libshutdown2.o(.ARM.Collect$$libshutdown$$00000006)
    __rt_lib_shutdown_user_alloc_1           0x00000155   Thumb Code     0  libshutdown2.o(.ARM.Collect$$libshutdown$$0000000E)
    __rt_entry                               0x00000157   Thumb Code     0  __rtentry.o(.ARM.Collect$$rtentry$$00000000)
    __rt_entry_presh_1                       0x00000157   Thumb Code     0  __rtentry2.o(.ARM.Collect$$rtentry$$00000002)
    __rt_entry_sh                            0x00000157   Thumb Code     0  __rtentry4.o(.ARM.Collect$$rtentry$$00000004)
    __rt_entry_li                            0x0000015d   Thumb Code     0  __rtentry2.o(.ARM.Collect$$rtentry$$0000000A)
    __rt_entry_postsh_1                      0x0000015d   Thumb Code     0  __rtentry2.o(.ARM.Collect$$rtentry$$00000009)
    __rt_entry_main                          0x00000161   Thumb Code     0  __rtentry2.o(.ARM.Collect$$rtentry$$0000000D)
    __rt_entry_postli_1                      0x00000161   Thumb Code     0  __rtentry2.o(.ARM.Collect$$rtentry$$0000000C)
    __rt_exit                                0x00000169   Thumb Code     0  rtexit.o(.ARM.Collect$$rtexit$$00000000)
    __rt_exit_ls                             0x0000016b   Thumb Code     0  rtexit2.o(.ARM.Collect$$rtexit$$00000003)
    __rt_exit_prels_1                        0x0000016b   Thumb Code     0  rtexit2.o(.ARM.Collect$$rtexit$$00000002)
    __rt_exit_exit                           0x0000016f   Thumb Code     0  rtexit2.o(.ARM.Collect$$rtexit$$00000004)
    rand                                     0x00000175   Thumb Code    48  rand.o(.emb_text)
    Reset_Handler                            0x000001a9   Thumb Code     4  startup_lpc17xx.o(.text)
    NMI_Handler                              0x000001ad   Thumb Code     2  startup_lpc17xx.o(.text)
    HardFault_Handler                        0x000001af   Thumb Code     2  startup_lpc17xx.o(.text)
    MemManage_Handler                        0x000001b1   Thumb Code     2  startup_lpc17xx.o(.text)
    BusFault_Handler                         0x000001b3   Thumb Code     2  startup_lpc17xx.o(.text)
    UsageFault_Handler                       0x000001b5   Thumb Code     2  startup_lpc17xx.o(.text)
    SVC_Handler                              0x000001b7   Thumb Code     2  startup_lpc17xx.o(.text)
    DebugMon_Handler                         0x000001b9   Thumb Code     2  startup_lpc17xx.o(.text)
    PendSV_Handler                           0x000001bb   Thumb Code     2  startup_lpc17xx.o(.text)
    SysTick_Handler                          0x000001bd   Thumb Code     2  startup_lpc17xx.o(.text)
    ADC_IRQHandler                           0x000001bf   Thumb Code     0  startup_lpc17xx.o(.text)
    BOD_IRQHandler                           0x000001bf   Thumb Code     0  startup_lpc17xx.o(.text)
    CANActivity_IRQHandler                   0x000001bf   Thumb Code     0  startup_lpc17xx.o(.text)
    DMA_IRQHandler                           0x000001bf   Thumb Code     0  startup_lpc17xx.o(.text)
    EINT3_IRQHandler                         0x000001bf   Thumb Code     0  startup_lpc17xx.o(.text)
    ENET_IRQHandler                          0x000001bf   Thumb Code     0  startup_lpc17xx.o(.text)
    I2C0_IRQHandler                          0x000001bf   Thumb Code     0  startup_lpc17xx.o(.text)
    I2C1_IRQHandler                          0x000001bf   Thumb Code     0  startup_lpc17xx.o(.text)
    I2C2_IRQHandler                          0x000001bf   Thumb Code     0  startup_lpc17xx.o(.text)
    I2S_IRQHandler                           0x000001bf   Thumb Code     0  startup_lpc17xx.o(.text)
    MCPWM_IRQHandler                         0x000001bf   Thumb Code     0  startup_lpc17xx.o(.text)
    PLL0_IRQHandler                          0x000001bf   Thumb Code     0  startup_lpc17xx.o(.text)
    PLL1_IRQHandler                          0x000001bf   Thumb Code     0  startup_lpc17xx.o(.text)
    PWM1_IRQHandler                          0x000001bf   Thumb Code     0  startup_lpc17xx.o(.text)
    QEI_IRQHandler                           0x000001bf   Thumb Code     0  startup_lpc17xx.o(.text)
    RTC_IRQHandler                           0x000001bf   Thumb Code     0  startup_lpc17xx.o(.text)
    SPI_IRQHandler                           0x000001bf   Thumb Code     0  startup_lpc17xx.o(.text)
    SSP0_IRQHandler                          0x000001bf   Thumb Code     0  startup_lpc17xx.o(.text)
    SSP1_IRQHandler                          0x000001bf   Thumb Code     0  startup_lpc17xx.o(.text)
    TIMER2_IRQHandler                        0x000001bf   Thumb Code     0  startup_lpc17xx.o(.text)
    TIMER3_IRQHandler                        0x000001bf   Thumb Code     0  startup_lpc17xx.o(.text)
    UART0_IRQHandler                         0x000001bf   Thumb Code     0  startup_lpc17xx.o(.text)
    UART1_IRQHandler                         0x000001bf   Thumb Code     0  startup_lpc17xx.o(.text)
    UART2_IRQHandler                         0x000001bf   Thumb Code     0  startup_lpc17xx.o(.text)
    UART3_IRQHandler                         0x000001bf   Thumb Code     0  startup_lpc17xx.o(.text)
    USBActivity_IRQHandler                   0x000001bf   Thumb Code     0  startup_lpc17xx.o(.text)
    USB_IRQHandler                           0x000001bf   Thumb Code     0  startup_lpc17xx.o(.text)
    WDT_IRQHandler                           0x000001bf   Thumb Code     0  startup_lpc17xx.o(.text)
    __user_initial_stackheap                 0x000001c1   Thumb Code     0  startup_lpc17xx.o(.text)
    main                                     0x000001dd   Thumb Code    82  sample.o(.text)
    TIMER0_IRQHandler                        0x00000239   Thumb Code   140  irq_timer.o(.text)
    TIMER1_IRQHandler                        0x000002c5   Thumb Code     8  irq_timer.o(.text)
    __I$use$semihosting                      0x000002f9   Thumb Code     0  use_no_semi.o(.text)
    __use_no_semihosting_swi                 0x000002f9   Thumb Code     2  use_no_semi.o(.text)
    __semihosting_library_function           0x000002fb   Thumb Code     0  indicate_semi.o(.text)
    SystemInit                               0x00000301   Thumb Code   552  system_lpc17xx.o(.text)
    enable_timer                             0x0000056f   Thumb Code    20  lib_timer.o(.text)
    disable_timer                            0x00000583   Thumb Code    20  lib_timer.o(.text)
    reset_timer                              0x00000597   Thumb Code    30  lib_timer.o(.text)
    init_timer                               0x000005b5   Thumb Code    60  lib_timer.o(.text)
    GetASCIICode                             0x000005f5   Thumb Code    26  asciilib.o(.text)
    LCD_Initialization                       0x00000b9f   Thumb Code 12014  glcd.o(.text)
    LCD_Clear                                0x00003a8d   Thumb Code  1520  glcd.o(.text)
    LCD_Clear2                               0x0000407d   Thumb Code  1612  glcd.o(.text)
    LCD_GetPoint                             0x000046e3   Thumb Code   994  glcd.o(.text)
    LCD_SetPoint                             0x00004ac5   Thumb Code   212  glcd.o(.text)
    LCD_DrawLine                             0x00004b99   Thumb Code   250  glcd.o(.text)
    PutChar                                  0x00004c93   Thumb Code   100  glcd.o(.text)
    GUI_Text                                 0x00004cf7   Thumb Code    80  glcd.o(.text)
    LCD_creagriglia                          0x00004d47   Thumb Code   234  glcd.o(.text)
    LCD_creamurietempo                       0x00004e31   Thumb Code   390  glcd.o(.text)
    aggiornamossa                            0x00004fdb   Thumb Code   328  irq_rit.o(.text)
    RIT_IRQHandler                           0x00005123   Thumb Code  3078  irq_rit.o(.text)
    azzeravariabili                          0x00005d29   Thumb Code    36  irq_rit.o(.text)
    enable_RIT                               0x00005d6d   Thumb Code    14  lib_rit.o(.text)
    disable_RIT                              0x00005d7b   Thumb Code    14  lib_rit.o(.text)
    reset_RIT                                0x00005d89   Thumb Code     8  lib_rit.o(.text)
    init_RIT                                 0x00005d91   Thumb Code   134  lib_rit.o(.text)
    EINT0_IRQHandler                         0x00005e4b   Thumb Code    66  irq_button.o(.text)
    EINT1_IRQHandler                         0x00005e8d   Thumb Code    46  irq_button.o(.text)
    EINT2_IRQHandler                         0x00005ebb   Thumb Code    46  irq_button.o(.text)
    BUTTON_init                              0x00005f4b   Thumb Code   124  lib_button.o(.text)
    coloragiocatore                          0x00005fdd   Thumb Code   118  gioco.o(.text)
    coloracasella                            0x00006053   Thumb Code   116  gioco.o(.text)
    quadratogiocatore                        0x000060c7   Thumb Code   142  gioco.o(.text)
    identificacaselle                        0x00006155   Thumb Code  1386  gioco.o(.text)
    decoloracasella                          0x000066bf   Thumb Code   116  gioco.o(.text)
    identificacaselle2                       0x00006733   Thumb Code   928  gioco.o(.text)
    menuiniziale                             0x00006ad3   Thumb Code   478  gioco.o(.text)
    secondomenu                              0x00006cb1   Thumb Code   668  gioco.o(.text)
    preparagioco                             0x00006f4d   Thumb Code   324  gioco.o(.text)
    iniziagioco                              0x00007091   Thumb Code   298  gioco.o(.text)
    controllacaselle                         0x000071bb   Thumb Code   642  gioco.o(.text)
    controllanuovaposizione                  0x0000743d   Thumb Code  1336  gioco.o(.text)
    scavalcagiocatore                        0x00007975   Thumb Code    96  gioco.o(.text)
    coloracasellascelta                      0x000079d5   Thumb Code   116  gioco.o(.text)
    terminagioco                             0x00007a49   Thumb Code    70  gioco.o(.text)
    codificamossa                            0x00007a8f   Thumb Code   340  gioco.o(.text)
    controllo                                0x00007be3   Thumb Code   352  gioco.o(.text)
    percorsoottimo                           0x00007d43   Thumb Code   226  gioco.o(.text)
    wrapperpo                                0x00007e25   Thumb Code   126  gioco.o(.text)
    mossanpc                                 0x00007ea3   Thumb Code   474  gioco.o(.text)
    cambiaturno                              0x0000807d   Thumb Code   446  gioco.o(.text)
    confermagiocata                          0x0000823b   Thumb Code   214  gioco.o(.text)
    muroIntrappolaGiocatore                  0x00008311   Thumb Code   798  gioco.o(.text)
    muroIntrappolaGiocatori                  0x0000862f   Thumb Code   708  gioco.o(.text)
    iniziagioco2                             0x000088f3   Thumb Code   254  gioco.o(.text)
    iniziagioco3                             0x000089f1   Thumb Code    40  gioco.o(.text)
    posizionamuro                            0x00008a3d   Thumb Code   718  muri.o(.text)
    creamuro                                 0x00008d0b   Thumb Code   264  muri.o(.text)
    cancellamuro                             0x00008e13   Thumb Code   794  muri.o(.text)
    spostamuro                               0x0000912d   Thumb Code   174  muri.o(.text)
    trovadirezionemuro                       0x000091db   Thumb Code   530  muri.o(.text)
    mettimuronpc                             0x000093ed   Thumb Code   146  muri.o(.text)
    joystick_init                            0x0000948d   Thumb Code    26  lib_joystick.o(.text)
    CAN_IRQHandler                           0x000094b1   Thumb Code   170  irq_can.o(.text)
    CAN_setup                                0x000095dd   Thumb Code   140  lib_can.o(.text)
    CAN_start                                0x00009669   Thumb Code    18  lib_can.o(.text)
    CAN_waitReady                            0x0000967b   Thumb Code    26  lib_can.o(.text)
    CAN_wrMsg                                0x00009695   Thumb Code    84  lib_can.o(.text)
    CAN_rdMsg                                0x000096e9   Thumb Code    52  lib_can.o(.text)
    CAN_wrFilter                             0x0000971d   Thumb Code   822  lib_can.o(.text)
    CAN_Init                                 0x00009a53   Thumb Code    32  lib_can.o(.text)
    controllascheda                          0x00009a85   Thumb Code    30  board.o(.text)
    mandamessaggiopronto                     0x00009aa3   Thumb Code    34  board.o(.text)
    inviamossa                               0x00009ac5   Thumb Code    64  board.o(.text)
    __2sprintf                               0x00009b0d   Thumb Code    34  noretval__2sprintf.o(.text)
    __printf                                 0x00009b35   Thumb Code   104  __printf.o(.text)
    _printf_int_dec                          0x00009b9d   Thumb Code   104  _printf_dec.o(.text)
    srand                                    0x00009c15   Thumb Code    42  rand.o(.text)
    _rand_init                               0x00009c3f   Thumb Code     4  rand.o(.text)
    __aeabi_memcpy                           0x00009c51   Thumb Code     0  rt_memcpy_v6.o(.text)
    __rt_memcpy                              0x00009c51   Thumb Code   138  rt_memcpy_v6.o(.text)
    _memcpy_lastbytes                        0x00009cb7   Thumb Code     0  rt_memcpy_v6.o(.text)
    __aeabi_memclr4                          0x00009cdb   Thumb Code     0  rt_memclr_w.o(.text)
    __aeabi_memclr8                          0x00009cdb   Thumb Code     0  rt_memclr_w.o(.text)
    __rt_memclr_w                            0x00009cdb   Thumb Code    78  rt_memclr_w.o(.text)
    _memset_w                                0x00009cdf   Thumb Code     0  rt_memclr_w.o(.text)
    __use_two_region_memory                  0x00009d29   Thumb Code     2  heapauxi.o(.text)
    __rt_heap_escrow$2region                 0x00009d2b   Thumb Code     2  heapauxi.o(.text)
    __rt_heap_expand$2region                 0x00009d2d   Thumb Code     2  heapauxi.o(.text)
    _printf_int_common                       0x00009d2f   Thumb Code   178  _printf_intcommon.o(.text)
    _printf_char_common                      0x00009deb   Thumb Code    32  _printf_char_common.o(.text)
    _sputc                                   0x00009e11   Thumb Code    10  _sputc.o(.text)
    __aeabi_memcpy4                          0x00009e1b   Thumb Code     0  rt_memcpy_w.o(.text)
    __aeabi_memcpy8                          0x00009e1b   Thumb Code     0  rt_memcpy_w.o(.text)
    __rt_memcpy_w                            0x00009e1b   Thumb Code   100  rt_memcpy_w.o(.text)
    _memcpy_lastbytes_aligned                0x00009e63   Thumb Code     0  rt_memcpy_w.o(.text)
    __user_setup_stackheap                   0x00009e7f   Thumb Code    74  sys_stackheap_outer.o(.text)
    exit                                     0x00009ec9   Thumb Code    18  exit.o(.text)
    __user_libspace                          0x00009edd   Thumb Code     8  libspace.o(.text)
    __user_perproc_libspace                  0x00009edd   Thumb Code     0  libspace.o(.text)
    __user_perthread_libspace                0x00009edd   Thumb Code     0  libspace.o(.text)
    _sys_exit                                0x00009ee5   Thumb Code     8  sys_exit.o(.text)
    CAN_BIT_TIME                             0x0000a4e0   Data          68  lib_can.o(.constdata)
    Region$$Table$$Base                      0x0000a524   Number         0  anon$$obj.o(Region$$Table)
    Region$$Table$$Limit                     0x0000a554   Number         0  anon$$obj.o(Region$$Table)
    SystemFrequency                          0x2007c000   Data           4  system_lpc17xx.o(.data)
    ScaleFlag                                0x2007c004   Data           1  system_lpc17xx.o(.data)
    tempo                                    0x2007c008   Data           4  irq_timer.o(.data)
    time_in_char                             0x2007c00c   Data           5  irq_timer.o(.data)
    scaduto                                  0x2007c014   Data           4  irq_timer.o(.data)
    down                                     0x2007c01c   Data           4  irq_rit.o(.data)
    down2                                    0x2007c020   Data           4  irq_rit.o(.data)
    computer                                 0x2007c024   Data           4  irq_rit.o(.data)
    up                                       0x2007c028   Data           4  irq_rit.o(.data)
    left                                     0x2007c02c   Data           4  irq_rit.o(.data)
    right                                    0x2007c030   Data           4  irq_rit.o(.data)
    giu                                      0x2007c034   Data           4  irq_rit.o(.data)
    saltag                                   0x2007c038   Data           4  irq_rit.o(.data)
    posmuro                                  0x2007c03c   Data           4  irq_rit.o(.data)
    giuedestra                               0x2007c040   Data           4  irq_rit.o(.data)
    giuesinistra                             0x2007c044   Data           4  irq_rit.o(.data)
    suesinistra                              0x2007c048   Data           4  irq_rit.o(.data)
    suedestra                                0x2007c04c   Data           4  irq_rit.o(.data)
    primo                                    0x2007c050   Data           4  irq_rit.o(.data)
    prontopergiocare                         0x2007c054   Data           4  irq_rit.o(.data)
    down3                                    0x2007c07c   Data           4  irq_button.o(.data)
    mossac                                   0x2007c080   Data           4  gioco.o(.data)
    ultimamossa                              0x2007c084   Data           8  gioco.o(.data)
    g1                                       0x2007c08c   Data           8  gioco.o(.data)
    g2                                       0x2007c094   Data           8  gioco.o(.data)
    mg1                                      0x2007c09c   Data           4  gioco.o(.data)
    mg2                                      0x2007c0a0   Data           4  gioco.o(.data)
    board                                    0x2007c0a4   Data           4  gioco.o(.data)
    giocatoreincorso                         0x2007c0a8   Data           8  gioco.o(.data)
    giocatore                                0x2007c0b0   Data           4  gioco.o(.data)
    startgame                                0x2007c0b4   Data           4  gioco.o(.data)
    schermata                                0x2007c0b8   Data           4  gioco.o(.data)
    moveOrPlace                              0x2007c0bc   Data           4  gioco.o(.data)
    muroattuale                              0x2007c0c0   Data           8  muri.o(.data)
    muroNPC1                                 0x2007c0c8   Data           8  muri.o(.data)
    muroNPC2                                 0x2007c0d0   Data           8  muri.o(.data)
    icr                                      0x2007c0d8   Data           1  lib_can.o(.data)
    result                                   0x2007c0dc   Data           4  lib_can.o(.data)
    miogiocatore                             0x2007c0e8   Data           4  board.o(.data)
    strg                                     0x2007c0ec   Data          20  gioco.o(.bss)
    m                                        0x2007c100   Data         676  gioco.o(.bss)
    strm                                     0x2007c3a4   Data          10  muri.o(.bss)
    CAN_TxMsg                                0x2007c3b0   Data          16  lib_can.o(.bss)
    CAN_RxMsg                                0x2007c3c0   Data          16  lib_can.o(.bss)
    _random_number_data                      0x2007c3d0   Data         228  rand.o(.bss)
    __libspace_start                         0x2007c4b4   Data          96  libspace.o(.bss)
    __temporary_stack_top$libspace           0x2007c514   Data           0  libspace.o(.bss)



==============================================================================

Memory Map of the image

  Image Entry point : 0x000000cd

  Load Region LR_IROM1 (Base: 0x00000000, Size: 0x0000a640, Max: 0x00080000, ABSOLUTE)

    Execution Region ER_IROM1 (Exec base: 0x00000000, Load base: 0x00000000, Size: 0x0000a554, Max: 0x00080000, ABSOLUTE)

    Exec Addr    Load Addr    Size         Type   Attr      Idx    E Section Name        Object

    0x00000000   0x00000000   0x000000cc   Data   RO            3    RESET               startup_lpc17xx.o
    0x000000cc   0x000000cc   0x00000008   Code   RO          780  * !!!main             c_w.l(__main.o)
    0x000000d4   0x000000d4   0x00000034   Code   RO          981    !!!scatter          c_w.l(__scatter.o)
    0x00000108   0x00000108   0x0000001a   Code   RO          983    !!handler_copy      c_w.l(__scatter_copy.o)
    0x00000122   0x00000122   0x00000002   PAD
    0x00000124   0x00000124   0x0000001c   Code   RO          985    !!handler_zi        c_w.l(__scatter_zi.o)
    0x00000140   0x00000140   0x00000000   Code   RO          768    .ARM.Collect$$_printf_percent$$00000000  c_w.l(_printf_percent.o)
    0x00000140   0x00000140   0x00000006   Code   RO          767    .ARM.Collect$$_printf_percent$$00000009  c_w.l(_printf_d.o)
    0x00000146   0x00000146   0x00000004   Code   RO          813    .ARM.Collect$$_printf_percent$$00000017  c_w.l(_printf_percent_end.o)
    0x0000014a   0x0000014a   0x00000002   Code   RO          902    .ARM.Collect$$libinit$$00000000  c_w.l(libinit.o)
    0x0000014c   0x0000014c   0x00000000   Code   RO          817    .ARM.Collect$$libinit$$00000002  c_w.l(libinit2.o)
    0x0000014c   0x0000014c   0x00000000   Code   RO          819    .ARM.Collect$$libinit$$00000004  c_w.l(libinit2.o)
    0x0000014c   0x0000014c   0x00000000   Code   RO          822    .ARM.Collect$$libinit$$0000000A  c_w.l(libinit2.o)
    0x0000014c   0x0000014c   0x00000000   Code   RO          824    .ARM.Collect$$libinit$$0000000C  c_w.l(libinit2.o)
    0x0000014c   0x0000014c   0x00000004   Code   RO          825    .ARM.Collect$$libinit$$0000000D  c_w.l(libinit2.o)
    0x00000150   0x00000150   0x00000000   Code   RO          826    .ARM.Collect$$libinit$$0000000E  c_w.l(libinit2.o)
    0x00000150   0x00000150   0x00000000   Code   RO          829    .ARM.Collect$$libinit$$00000011  c_w.l(libinit2.o)
    0x00000150   0x00000150   0x00000000   Code   RO          831    .ARM.Collect$$libinit$$00000013  c_w.l(libinit2.o)
    0x00000150   0x00000150   0x00000000   Code   RO          833    .ARM.Collect$$libinit$$00000015  c_w.l(libinit2.o)
    0x00000150   0x00000150   0x00000000   Code   RO          835    .ARM.Collect$$libinit$$00000017  c_w.l(libinit2.o)
    0x00000150   0x00000150   0x00000000   Code   RO          837    .ARM.Collect$$libinit$$00000019  c_w.l(libinit2.o)
    0x00000150   0x00000150   0x00000000   Code   RO          839    .ARM.Collect$$libinit$$0000001B  c_w.l(libinit2.o)
    0x00000150   0x00000150   0x00000000   Code   RO          841    .ARM.Collect$$libinit$$0000001D  c_w.l(libinit2.o)
    0x00000150   0x00000150   0x00000000   Code   RO          843    .ARM.Collect$$libinit$$0000001F  c_w.l(libinit2.o)
    0x00000150   0x00000150   0x00000000   Code   RO          845    .ARM.Collect$$libinit$$00000021  c_w.l(libinit2.o)
    0x00000150   0x00000150   0x00000000   Code   RO          847    .ARM.Collect$$libinit$$00000023  c_w.l(libinit2.o)
    0x00000150   0x00000150   0x00000000   Code   RO          849    .ARM.Collect$$libinit$$00000025  c_w.l(libinit2.o)
    0x00000150   0x00000150   0x00000000   Code   RO          853    .ARM.Collect$$libinit$$0000002C  c_w.l(libinit2.o)
    0x00000150   0x00000150   0x00000000   Code   RO          855    .ARM.Collect$$libinit$$0000002E  c_w.l(libinit2.o)
    0x00000150   0x00000150   0x00000000   Code   RO          857    .ARM.Collect$$libinit$$00000030  c_w.l(libinit2.o)
    0x00000150   0x00000150   0x00000000   Code   RO          859    .ARM.Collect$$libinit$$00000032  c_w.l(libinit2.o)
    0x00000150   0x00000150   0x00000002   Code   RO          860    .ARM.Collect$$libinit$$00000033  c_w.l(libinit2.o)
    0x00000152   0x00000152   0x00000002   Code   RO          940    .ARM.Collect$$libshutdown$$00000000  c_w.l(libshutdown.o)
    0x00000154   0x00000154   0x00000000   Code   RO          946    .ARM.Collect$$libshutdown$$00000002  c_w.l(libshutdown2.o)
    0x00000154   0x00000154   0x00000000   Code   RO          948    .ARM.Collect$$libshutdown$$00000004  c_w.l(libshutdown2.o)
    0x00000154   0x00000154   0x00000000   Code   RO          950    .ARM.Collect$$libshutdown$$00000006  c_w.l(libshutdown2.o)
    0x00000154   0x00000154   0x00000000   Code   RO          953    .ARM.Collect$$libshutdown$$00000009  c_w.l(libshutdown2.o)
    0x00000154   0x00000154   0x00000000   Code   RO          956    .ARM.Collect$$libshutdown$$0000000C  c_w.l(libshutdown2.o)
    0x00000154   0x00000154   0x00000000   Code   RO          958    .ARM.Collect$$libshutdown$$0000000E  c_w.l(libshutdown2.o)
    0x00000154   0x00000154   0x00000000   Code   RO          961    .ARM.Collect$$libshutdown$$00000011  c_w.l(libshutdown2.o)
    0x00000154   0x00000154   0x00000002   Code   RO          962    .ARM.Collect$$libshutdown$$00000012  c_w.l(libshutdown2.o)
    0x00000156   0x00000156   0x00000000   Code   RO          806    .ARM.Collect$$rtentry$$00000000  c_w.l(__rtentry.o)
    0x00000156   0x00000156   0x00000000   Code   RO          869    .ARM.Collect$$rtentry$$00000002  c_w.l(__rtentry2.o)
    0x00000156   0x00000156   0x00000006   Code   RO          881    .ARM.Collect$$rtentry$$00000004  c_w.l(__rtentry4.o)
    0x0000015c   0x0000015c   0x00000000   Code   RO          871    .ARM.Collect$$rtentry$$00000009  c_w.l(__rtentry2.o)
    0x0000015c   0x0000015c   0x00000004   Code   RO          872    .ARM.Collect$$rtentry$$0000000A  c_w.l(__rtentry2.o)
    0x00000160   0x00000160   0x00000000   Code   RO          874    .ARM.Collect$$rtentry$$0000000C  c_w.l(__rtentry2.o)
    0x00000160   0x00000160   0x00000008   Code   RO          875    .ARM.Collect$$rtentry$$0000000D  c_w.l(__rtentry2.o)
    0x00000168   0x00000168   0x00000002   Code   RO          908    .ARM.Collect$$rtexit$$00000000  c_w.l(rtexit.o)
    0x0000016a   0x0000016a   0x00000000   Code   RO          920    .ARM.Collect$$rtexit$$00000002  c_w.l(rtexit2.o)
    0x0000016a   0x0000016a   0x00000004   Code   RO          921    .ARM.Collect$$rtexit$$00000003  c_w.l(rtexit2.o)
    0x0000016e   0x0000016e   0x00000006   Code   RO          922    .ARM.Collect$$rtexit$$00000004  c_w.l(rtexit2.o)
    0x00000174   0x00000174   0x00000034   Code   RO          769    .emb_text           c_w.l(rand.o)
    0x000001a8   0x000001a8   0x00000034   Code   RO            5    .text               startup_lpc17xx.o
    0x000001dc   0x000001dc   0x0000005c   Code   RO           16    .text               sample.o
    0x00000238   0x00000238   0x000000c0   Code   RO          134    .text               irq_timer.o
    0x000002f8   0x000002f8   0x00000002   Code   RO          916    .text               c_w.l(use_no_semi.o)
    0x000002fa   0x000002fa   0x00000000   Code   RO          918    .text               c_w.l(indicate_semi.o)
    0x000002fa   0x000002fa   0x00000002   PAD
    0x000002fc   0x000002fc   0x00000004   Code   RO            4    .ARM.__at_0x02FC    startup_lpc17xx.o
    0x00000300   0x00000300   0x0000024c   Code   RO          107    .text               system_lpc17xx.o
    0x0000054c   0x0000054c   0x000000a8   Code   RO          192    .text               lib_timer.o
    0x000005f4   0x000005f4   0x00000020   Code   RO          217    .text               asciilib.o
    0x00000614   0x00000614   0x000049a2   Code   RO          237    .text               glcd.o
    0x00004fb6   0x00004fb6   0x00000002   PAD
    0x00004fb8   0x00004fb8   0x00000db4   Code   RO          317    .text               irq_rit.o
    0x00005d6c   0x00005d6c   0x000000c0   Code   RO          371    .text               lib_rit.o
    0x00005e2c   0x00005e2c   0x000000dc   Code   RO          399    .text               irq_button.o
    0x00005f08   0x00005f08   0x000000d4   Code   RO          454    .text               lib_button.o
    0x00005fdc   0x00005fdc   0x00002a60   Code   RO          482    .text               gioco.o
    0x00008a3c   0x00008a3c   0x00000a50   Code   RO          547    .text               muri.o
    0x0000948c   0x0000948c   0x00000024   Code   RO          604    .text               lib_joystick.o
    0x000094b0   0x000094b0   0x000000c4   Code   RO          628    .text               irq_can.o
    0x00009574   0x00009574   0x00000510   Code   RO          673    .text               lib_can.o
    0x00009a84   0x00009a84   0x00000088   Code   RO          705    .text               board.o
    0x00009b0c   0x00009b0c   0x00000028   Code   RO          741    .text               c_w.l(noretval__2sprintf.o)
    0x00009b34   0x00009b34   0x00000068   Code   RO          743    .text               c_w.l(__printf.o)
    0x00009b9c   0x00009b9c   0x00000078   Code   RO          745    .text               c_w.l(_printf_dec.o)
    0x00009c14   0x00009c14   0x0000003c   Code   RO          770    .text               c_w.l(rand.o)
    0x00009c50   0x00009c50   0x0000008a   Code   RO          774    .text               c_w.l(rt_memcpy_v6.o)
    0x00009cda   0x00009cda   0x0000004e   Code   RO          776    .text               c_w.l(rt_memclr_w.o)
    0x00009d28   0x00009d28   0x00000006   Code   RO          778    .text               c_w.l(heapauxi.o)
    0x00009d2e   0x00009d2e   0x000000b2   Code   RO          807    .text               c_w.l(_printf_intcommon.o)
    0x00009de0   0x00009de0   0x00000030   Code   RO          809    .text               c_w.l(_printf_char_common.o)
    0x00009e10   0x00009e10   0x0000000a   Code   RO          811    .text               c_w.l(_sputc.o)
    0x00009e1a   0x00009e1a   0x00000064   Code   RO          814    .text               c_w.l(rt_memcpy_w.o)
    0x00009e7e   0x00009e7e   0x0000004a   Code   RO          889    .text               c_w.l(sys_stackheap_outer.o)
    0x00009ec8   0x00009ec8   0x00000012   Code   RO          891    .text               c_w.l(exit.o)
    0x00009eda   0x00009eda   0x00000002   PAD
    0x00009edc   0x00009edc   0x00000008   Code   RO          905    .text               c_w.l(libspace.o)
    0x00009ee4   0x00009ee4   0x0000000c   Code   RO          932    .text               c_w.l(sys_exit.o)
    0x00009ef0   0x00009ef0   0x000005f0   Data   RO          218    .constdata          asciilib.o
    0x0000a4e0   0x0000a4e0   0x00000044   Data   RO          675    .constdata          lib_can.o
    0x0000a524   0x0000a524   0x00000030   Data   RO          979    Region$$Table       anon$$obj.o


    Execution Region RW_IRAM1 (Exec base: 0x10000000, Load base: 0x0000a554, Size: 0x00008000, Max: 0x00008000, ABSOLUTE)

    Exec Addr    Load Addr    Size         Type   Attr      Idx    E Section Name        Object

    0x10000000        -       0x00008000   Zero   RW            1    STACK               startup_lpc17xx.o


    Execution Region RW_IRAM2 (Exec base: 0x2007c000, Load base: 0x0000a554, Size: 0x00000518, Max: 0x00008000, ABSOLUTE)

    Exec Addr    Load Addr    Size         Type   Attr      Idx    E Section Name        Object

    0x2007c000   0x0000a554   0x00000005   Data   RW          108    .data               system_lpc17xx.o
    0x2007c005   0x0000a559   0x00000003   PAD
    0x2007c008   0x0000a55c   0x00000010   Data   RW          135    .data               irq_timer.o
    0x2007c018   0x0000a56c   0x00000001   Data   RW          238    .data               glcd.o
    0x2007c019   0x0000a56d   0x00000003   PAD
    0x2007c01c   0x0000a570   0x00000060   Data   RW          318    .data               irq_rit.o
    0x2007c07c   0x0000a5d0   0x00000004   Data   RW          400    .data               irq_button.o
    0x2007c080   0x0000a5d4   0x00000040   Data   RW          484    .data               gioco.o
    0x2007c0c0   0x0000a614   0x00000018   Data   RW          549    .data               muri.o
    0x2007c0d8   0x0000a62c   0x00000010   Data   RW          676    .data               lib_can.o
    0x2007c0e8   0x0000a63c   0x00000004   Data   RW          706    .data               board.o
    0x2007c0ec        -       0x000002b8   Zero   RW          483    .bss                gioco.o
    0x2007c3a4        -       0x0000000a   Zero   RW          548    .bss                muri.o
    0x2007c3ae   0x0000a640   0x00000002   PAD
    0x2007c3b0        -       0x00000020   Zero   RW          674    .bss                lib_can.o
    0x2007c3d0        -       0x000000e4   Zero   RW          771    .bss                c_w.l(rand.o)
    0x2007c4b4        -       0x00000060   Zero   RW          906    .bss                c_w.l(libspace.o)
    0x2007c514   0x0000a640   0x00000004   PAD
    0x2007c518        -       0x00000000   Zero   RW            2    HEAP                startup_lpc17xx.o


==============================================================================

Image component sizes


      Code (inc. data)   RO Data    RW Data    ZI Data      Debug   Object Name

        32          6       1520          0          0       1147   asciilib.o
       136          8          0          4          0       1033   board.o
     10848        624          0         64        696      14054   gioco.o
     18850        148          0          1          0      44849   glcd.o
       220         32          0          4          0       1285   irq_button.o
       196         26          0          0          0        637   irq_can.o
      3508        376          0         96          0       4027   irq_rit.o
       192         44          0         16          0      19038   irq_timer.o
       212         22          0          0          0        966   lib_button.o
      1296         66         68         16         32       4444   lib_can.o
        36         10          0          0          0        468   lib_joystick.o
       192         22          0          0          0      27639   lib_rit.o
       168          4          0          0          0       1436   lib_timer.o
      2640         64          0         24         10       4200   muri.o
        92         10          0          0          0       5015   sample.o
        56         22        204          0      32768       1088   startup_lpc17xx.o
       588         36          0          5          0        985   system_lpc17xx.o

    ----------------------------------------------------------------------
     39264       1520       1840        236      33508     132311   Object Totals
         0          0         48          0          0          0   (incl. Generated)
         2          0          0          6          2          0   (incl. Padding)

    ----------------------------------------------------------------------

      Code (inc. data)   RO Data    RW Data    ZI Data      Debug   Library Member Name

         8          0          0          0          0         68   __main.o
       104          0          0          0          0         84   __printf.o
         0          0          0          0          0          0   __rtentry.o
        12          0          0          0          0          0   __rtentry2.o
         6          0          0          0          0          0   __rtentry4.o
        52          8          0          0          0          0   __scatter.o
        26          0          0          0          0          0   __scatter_copy.o
        28          0          0          0          0          0   __scatter_zi.o
        48          6          0          0          0         96   _printf_char_common.o
         6          0          0          0          0          0   _printf_d.o
       120         16          0          0          0         92   _printf_dec.o
       178          0          0          0          0         88   _printf_intcommon.o
         0          0          0          0          0          0   _printf_percent.o
         4          0          0          0          0          0   _printf_percent_end.o
        10          0          0          0          0         68   _sputc.o
        18          0          0          0          0         80   exit.o
         6          0          0          0          0        152   heapauxi.o
         0          0          0          0          0          0   indicate_semi.o
         2          0          0          0          0          0   libinit.o
         6          0          0          0          0          0   libinit2.o
         2          0          0          0          0          0   libshutdown.o
         2          0          0          0          0          0   libshutdown2.o
         8          4          0          0         96         68   libspace.o
        40          6          0          0          0         84   noretval__2sprintf.o
       112         18          0          0        228        160   rand.o
        78          0          0          0          0         80   rt_memclr_w.o
       138          0          0          0          0         68   rt_memcpy_v6.o
       100          0          0          0          0         80   rt_memcpy_w.o
         2          0          0          0          0          0   rtexit.o
        10          0          0          0          0          0   rtexit2.o
        12          4          0          0          0         68   sys_exit.o
        74          0          0          0          0         80   sys_stackheap_outer.o
         2          0          0          0          0         68   use_no_semi.o

    ----------------------------------------------------------------------
      1220         62          0          0        328       1484   Library Totals
         6          0          0          0          4          0   (incl. Padding)

    ----------------------------------------------------------------------

      Code (inc. data)   RO Data    RW Data    ZI Data      Debug   Library Name

      1214         62          0          0        324       1484   c_w.l

    ----------------------------------------------------------------------
      1220         62          0          0        328       1484   Library Totals

    ----------------------------------------------------------------------

==============================================================================


      Code (inc. data)   RO Data    RW Data    ZI Data      Debug   

     40484       1582       1840        236      33836     132127   Grand Totals
     40484       1582       1840        236      33836     132127   ELF Image Totals
     40484       1582       1840        236          0          0   ROM Totals

==============================================================================

    Total RO  Size (Code + RO Data)                42324 (  41.33kB)
    Total RW  Size (RW Data + ZI Data)             34072 (  33.27kB)
    Total ROM Size (Code + RO Data + RW Data)      42560 (  41.56kB)

==============================================================================

